
 Start         Length     Name                   Class
 0001:00000000 0008CA8CH .text                   CODE
 0002:00000000 00001C7CH .data                   DATA
 0002:00001C7C 00002E39H .bss                    BSS


Detailed map of segments

 0001:00000000 000058FB C=CODE     S=.text    G=(none)   M=System   ACBP=A9
 0001:000058FC 00000140 C=CODE     S=.text    G=(none)   M=SysInit  ACBP=A9
 0001:00005A3C 00000134 C=CODE     S=.text    G=(none)   M=Types    ACBP=A9
 0001:00005B70 00000DE0 C=CODE     S=.text    G=(none)   M=Windows  ACBP=A9
 0001:00006950 00000038 C=CODE     S=.text    G=(none)   M=FastMM4Messages ACBP=A9
 0001:00006988 00002677 C=CODE     S=.text    G=(none)   M=FastMM4  ACBP=A9
 0001:00009000 00000338 C=CODE     S=.text    G=(none)   M=SysConst ACBP=A9
 0001:00009338 00006B6C C=CODE     S=.text    G=(none)   M=SysUtils ACBP=A9
 0001:0000FEA4 00000038 C=CODE     S=.text    G=(none)   M=Messages ACBP=A9
 0001:0000FEDC 000007FB C=CODE     S=.text    G=(none)   M=VarUtils ACBP=A9
 0001:000106D8 000066C6 C=CODE     S=.text    G=(none)   M=Variants ACBP=A9
 0001:00016DA0 00000150 C=CODE     S=.text    G=(none)   M=RTLConsts ACBP=A9
 0001:00016EF0 00000DB0 C=CODE     S=.text    G=(none)   M=TypInfo  ACBP=A9
 0001:00017CA0 00000058 C=CODE     S=.text    G=(none)   M=ActiveX  ACBP=A9
 0001:00017CF8 0000D2C2 C=CODE     S=.text    G=(none)   M=Classes  ACBP=A9
 0001:00024FBC 00001028 C=CODE     S=.text    G=(none)   M=IniFiles ACBP=A9
 0001:00025FE4 00001F60 C=CODE     S=.text    G=(none)   M=Registry ACBP=A9
 0001:00027F44 0000573C C=CODE     S=.text    G=(none)   M=TestFramework ACBP=A9
 0001:0002D680 00000048 C=CODE     S=.text    G=(none)   M=Math     ACBP=A9
 0001:0002D6C8 00000300 C=CODE     S=.text    G=(none)   M=Consts   ACBP=A9
 0001:0002D9C8 00008B87 C=CODE     S=.text    G=(none)   M=Graphics ACBP=A9
 0001:00036550 00000787 C=CODE     S=.text    G=(none)   M=MultiMon ACBP=A9
 0001:00036CD8 000002B8 C=CODE     S=.text    G=(none)   M=Contnrs  ACBP=A9
 0001:00036F90 00000854 C=CODE     S=.text    G=(none)   M=CommCtrl ACBP=A9
 0001:000377E4 00000038 C=CODE     S=.text    G=(none)   M=Imm      ACBP=A9
 0001:0003781C 00000FF8 C=CODE     S=.text    G=(none)   M=HelpIntfs ACBP=A9
 0001:00038814 00000058 C=CODE     S=.text    G=(none)   M=WinSpool ACBP=A9
 0001:0003886C 00000FB8 C=CODE     S=.text    G=(none)   M=Printers ACBP=A9
 0001:00039824 0000031F C=CODE     S=.text    G=(none)   M=FlatSB   ACBP=A9
 0001:00039B44 000001A4 C=CODE     S=.text    G=(none)   M=SyncObjs ACBP=A9
 0001:00039CE8 000009BB C=CODE     S=.text    G=(none)   M=UxTheme  ACBP=A9
 0001:0003A6A4 00000038 C=CODE     S=.text    G=(none)   M=RichEdit ACBP=A9
 0001:0003A6DC 00000AD4 C=CODE     S=.text    G=(none)   M=ToolWin  ACBP=A9
 0001:0003B1B0 00000038 C=CODE     S=.text    G=(none)   M=ShellAPI ACBP=A9
 0001:0003B1E8 00000038 C=CODE     S=.text    G=(none)   M=RegStr   ACBP=A9
 0001:0003B220 00000038 C=CODE     S=.text    G=(none)   M=WinInet  ACBP=A9
 0001:0003B258 00000038 C=CODE     S=.text    G=(none)   M=UrlMon   ACBP=A9
 0001:0003B290 0000006C C=CODE     S=.text    G=(none)   M=ShlObj   ACBP=A9
 0001:0003B2FC 00000038 C=CODE     S=.text    G=(none)   M=CommDlg  ACBP=A9
 0001:0003B334 00000038 C=CODE     S=.text    G=(none)   M=Dlgs     ACBP=A9
 0001:0003B36C 0000066D C=CODE     S=.text    G=(none)   M=Dialogs  ACBP=A9
 0001:0003B9DC 00002722 C=CODE     S=.text    G=(none)   M=ExtCtrls ACBP=A9
 0001:0003E100 00000070 C=CODE     S=.text    G=(none)   M=ComStrs  ACBP=A9
 0001:0003E170 00000728 C=CODE     S=.text    G=(none)   M=Clipbrd  ACBP=A9
 0001:0003E898 00000038 C=CODE     S=.text    G=(none)   M=StrUtils ACBP=A9
 0001:0003E8D0 000000F5 C=CODE     S=.text    G=(none)   M=Buttons  ACBP=A9
 0001:0003E9C8 00000038 C=CODE     S=.text    G=(none)   M=ExtDlgs  ACBP=A9
 0001:0003EA00 0000006C C=CODE     S=.text    G=(none)   M=Mapi     ACBP=A9
 0001:0003EA6C 00000058 C=CODE     S=.text    G=(none)   M=ExtActns ACBP=A9
 0001:0003EAC4 00001C44 C=CODE     S=.text    G=(none)   M=ListActns ACBP=A9
 0001:00040708 0001AE94 C=CODE     S=.text    G=(none)   M=ComCtrls ACBP=A9
 0001:0005B59C 00000AA8 C=CODE     S=.text    G=(none)   M=Themes   ACBP=A9
 0001:0005C044 00003560 C=CODE     S=.text    G=(none)   M=StdCtrls ACBP=A9
 0001:0005F5A4 00000168 C=CODE     S=.text    G=(none)   M=StdActns ACBP=A9
 0001:0005F70C 00000D1F C=CODE     S=.text    G=(none)   M=WinHelpViewer ACBP=A9
 0001:0006042C 00001A3E C=CODE     S=.text    G=(none)   M=ActnList ACBP=A9
 0001:00061E6C 0000C548 C=CODE     S=.text    G=(none)   M=Forms    ACBP=A9
 0001:0006E3B4 00001848 C=CODE     S=.text    G=(none)   M=ImgList  ACBP=A9
 0001:0006FBFC 000066AD C=CODE     S=.text    G=(none)   M=Menus    ACBP=A9
 0001:000762AC 000111F3 C=CODE     S=.text    G=(none)   M=Controls ACBP=A9
 0001:000874A0 00004C2C C=CODE     S=.text    G=(none)   M=GUITestRunner ACBP=A9
 0001:0008C0CC 00000050 C=CODE     S=.text    G=(none)   M=DebugUtils ACBP=A9
 0001:0008C11C 000006E3 C=CODE     S=.text    G=(none)   M=duDfmFile ACBP=A9
 0001:0008C800 0000028A C=CODE     S=.text    G=(none)   M=MifareTstTest ACBP=A9
 0002:00000000 0000009C C=DATA     S=.data    G=DGROUP   M=System   ACBP=A9
 0002:0000009C 00000020 C=DATA     S=.data    G=DGROUP   M=SysInit  ACBP=A9
 0002:000000BC 00000711 C=DATA     S=.data    G=DGROUP   M=FastMM4  ACBP=A9
 0002:000007D0 00000250 C=DATA     S=.data    G=DGROUP   M=SysUtils ACBP=A9
 0002:00000A20 00000008 C=DATA     S=.data    G=DGROUP   M=VarUtils ACBP=A9
 0002:00000A28 00000136 C=DATA     S=.data    G=DGROUP   M=Variants ACBP=A9
 0002:00000B60 0000000C C=DATA     S=.data    G=DGROUP   M=TypInfo  ACBP=A9
 0002:00000B6C 000000E4 C=DATA     S=.data    G=DGROUP   M=Classes  ACBP=A9
 0002:00000C50 00000008 C=DATA     S=.data    G=DGROUP   M=IniFiles ACBP=A9
 0002:00000C58 00000008 C=DATA     S=.data    G=DGROUP   M=Registry ACBP=A9
 0002:00000C60 00000010 C=DATA     S=.data    G=DGROUP   M=TestFramework ACBP=A9
 0002:00000C70 00000304 C=DATA     S=.data    G=DGROUP   M=Graphics ACBP=A9
 0002:00000F74 00000004 C=DATA     S=.data    G=DGROUP   M=Printers ACBP=A9
 0002:00000F78 00000020 C=DATA     S=.data    G=DGROUP   M=ToolWin  ACBP=A9
 0002:00000F98 00000010 C=DATA     S=.data    G=DGROUP   M=ShlObj   ACBP=A9
 0002:00000FA8 00000074 C=DATA     S=.data    G=DGROUP   M=Dialogs  ACBP=A9
 0002:0000101C 0000018C C=DATA     S=.data    G=DGROUP   M=ExtCtrls ACBP=A9
 0002:000011A8 0000002C C=DATA     S=.data    G=DGROUP   M=Buttons  ACBP=A9
 0002:000011D4 00000008 C=DATA     S=.data    G=DGROUP   M=Mapi     ACBP=A9
 0002:000011DC 000001C8 C=DATA     S=.data    G=DGROUP   M=ComCtrls ACBP=A9
 0002:000013A4 00000068 C=DATA     S=.data    G=DGROUP   M=Themes   ACBP=A9
 0002:0000140C 00000078 C=DATA     S=.data    G=DGROUP   M=StdCtrls ACBP=A9
 0002:00001484 00000128 C=DATA     S=.data    G=DGROUP   M=Forms    ACBP=A9
 0002:000015AC 00000020 C=DATA     S=.data    G=DGROUP   M=ImgList  ACBP=A9
 0002:000015CC 000000EC C=DATA     S=.data    G=DGROUP   M=Menus    ACBP=A9
 0002:000016B8 0000013C C=DATA     S=.data    G=DGROUP   M=Controls ACBP=A9
 0002:00002000 0000065C C=BSS      S=.bss     G=DGROUP   M=System   ACBP=A9
 0002:0000265C 00000010 C=BSS      S=.bss     G=DGROUP   M=SysInit  ACBP=A9
 0002:0000266C 00000004 C=BSS      S=.bss     G=DGROUP   M=Types    ACBP=A9
 0002:00002670 00000004 C=BSS      S=.bss     G=DGROUP   M=Windows  ACBP=A9
 0002:00002674 00000004 C=BSS      S=.bss     G=DGROUP   M=FastMM4Messages ACBP=A9
 0002:00002678 00002223 C=BSS      S=.bss     G=DGROUP   M=FastMM4  ACBP=A9
 0002:0000489C 00000004 C=BSS      S=.bss     G=DGROUP   M=SysConst ACBP=A9
 0002:000048A0 00000120 C=BSS      S=.bss     G=DGROUP   M=SysUtils ACBP=A9
 0002:000049C0 00000004 C=BSS      S=.bss     G=DGROUP   M=Messages ACBP=A9
 0002:000049C4 0000005C C=BSS      S=.bss     G=DGROUP   M=VarUtils ACBP=A9
 0002:00004A20 00000040 C=BSS      S=.bss     G=DGROUP   M=Variants ACBP=A9
 0002:00004A60 00000004 C=BSS      S=.bss     G=DGROUP   M=RTLConsts ACBP=A9
 0002:00004A64 00000004 C=BSS      S=.bss     G=DGROUP   M=TypInfo  ACBP=A9
 0002:00004A68 00000004 C=BSS      S=.bss     G=DGROUP   M=ActiveX  ACBP=A9
 0002:00004A6C 00000040 C=BSS      S=.bss     G=DGROUP   M=Classes  ACBP=A9
 0002:00004AAC 00000004 C=BSS      S=.bss     G=DGROUP   M=IniFiles ACBP=A9
 0002:00004AB0 00000004 C=BSS      S=.bss     G=DGROUP   M=Registry ACBP=A9
 0002:00004AB4 00000004 C=BSS      S=.bss     G=DGROUP   M=TestFramework ACBP=A9
 0002:00004AB8 00000004 C=BSS      S=.bss     G=DGROUP   M=Math     ACBP=A9
 0002:00004ABC 00000004 C=BSS      S=.bss     G=DGROUP   M=Consts   ACBP=A9
 0002:00004AC0 00000060 C=BSS      S=.bss     G=DGROUP   M=Graphics ACBP=A9
 0002:00004B20 00000031 C=BSS      S=.bss     G=DGROUP   M=MultiMon ACBP=A9
 0002:00004B54 00000004 C=BSS      S=.bss     G=DGROUP   M=Contnrs  ACBP=A9
 0002:00004B58 0000000C C=BSS      S=.bss     G=DGROUP   M=CommCtrl ACBP=A9
 0002:00004B64 00000004 C=BSS      S=.bss     G=DGROUP   M=Imm      ACBP=A9
 0002:00004B68 00000008 C=BSS      S=.bss     G=DGROUP   M=HelpIntfs ACBP=A9
 0002:00004B70 00000004 C=BSS      S=.bss     G=DGROUP   M=WinSpool ACBP=A9
 0002:00004B74 00000004 C=BSS      S=.bss     G=DGROUP   M=Printers ACBP=A9
 0002:00004B78 00000034 C=BSS      S=.bss     G=DGROUP   M=FlatSB   ACBP=A9
 0002:00004BAC 00000004 C=BSS      S=.bss     G=DGROUP   M=SyncObjs ACBP=A9
 0002:00004BB0 000000CC C=BSS      S=.bss     G=DGROUP   M=UxTheme  ACBP=A9
 0002:00004C7C 00000004 C=BSS      S=.bss     G=DGROUP   M=RichEdit ACBP=A9
 0002:00004C80 00000004 C=BSS      S=.bss     G=DGROUP   M=ToolWin  ACBP=A9
 0002:00004C84 00000004 C=BSS      S=.bss     G=DGROUP   M=ShellAPI ACBP=A9
 0002:00004C88 00000004 C=BSS      S=.bss     G=DGROUP   M=RegStr   ACBP=A9
 0002:00004C8C 00000004 C=BSS      S=.bss     G=DGROUP   M=WinInet  ACBP=A9
 0002:00004C90 00000004 C=BSS      S=.bss     G=DGROUP   M=UrlMon   ACBP=A9
 0002:00004C94 00000004 C=BSS      S=.bss     G=DGROUP   M=ShlObj   ACBP=A9
 0002:00004C98 00000004 C=BSS      S=.bss     G=DGROUP   M=CommDlg  ACBP=A9
 0002:00004C9C 00000004 C=BSS      S=.bss     G=DGROUP   M=Dlgs     ACBP=A9
 0002:00004CA0 0000000C C=BSS      S=.bss     G=DGROUP   M=Dialogs  ACBP=A9
 0002:00004CAC 00000004 C=BSS      S=.bss     G=DGROUP   M=ExtCtrls ACBP=A9
 0002:00004CB0 00000004 C=BSS      S=.bss     G=DGROUP   M=ComStrs  ACBP=A9
 0002:00004CB4 0000000C C=BSS      S=.bss     G=DGROUP   M=Clipbrd  ACBP=A9
 0002:00004CC0 00000004 C=BSS      S=.bss     G=DGROUP   M=StrUtils ACBP=A9
 0002:00004CC4 00000030 C=BSS      S=.bss     G=DGROUP   M=Buttons  ACBP=A9
 0002:00004CF4 00000004 C=BSS      S=.bss     G=DGROUP   M=ExtDlgs  ACBP=A9
 0002:00004CF8 00000004 C=BSS      S=.bss     G=DGROUP   M=Mapi     ACBP=A9
 0002:00004CFC 00000009 C=BSS      S=.bss     G=DGROUP   M=ExtActns ACBP=A9
 0002:00004D08 00000004 C=BSS      S=.bss     G=DGROUP   M=ListActns ACBP=A9
 0002:00004D0C 00000039 C=BSS      S=.bss     G=DGROUP   M=ComCtrls ACBP=A9
 0002:00004D48 00000008 C=BSS      S=.bss     G=DGROUP   M=Themes   ACBP=A9
 0002:00004D50 00000004 C=BSS      S=.bss     G=DGROUP   M=StdCtrls ACBP=A9
 0002:00004D54 00000004 C=BSS      S=.bss     G=DGROUP   M=StdActns ACBP=A9
 0002:00004D58 00000014 C=BSS      S=.bss     G=DGROUP   M=WinHelpViewer ACBP=A9
 0002:00004D6C 00000004 C=BSS      S=.bss     G=DGROUP   M=ActnList ACBP=A9
 0002:00004D70 00000020 C=BSS      S=.bss     G=DGROUP   M=Forms    ACBP=A9
 0002:00004D90 0000000C C=BSS      S=.bss     G=DGROUP   M=ImgList  ACBP=A9
 0002:00004D9C 00000010 C=BSS      S=.bss     G=DGROUP   M=Menus    ACBP=A9
 0002:00004DAC 00000080 C=BSS      S=.bss     G=DGROUP   M=Controls ACBP=A9
 0002:00004E2C 00000004 C=BSS      S=.bss     G=DGROUP   M=GUITestRunner ACBP=A9
 0002:00004E30 00000004 C=BSS      S=.bss     G=DGROUP   M=DebugUtils ACBP=A9
 0002:00004E34 00000004 C=BSS      S=.bss     G=DGROUP   M=duDfmFile ACBP=A9


  Address         Publics by Name

 0002:00004CF8       .1
 0002:00004CC0       .1
 0002:00004B40       .1
 0002:00004B58       .1
 0002:00004CB0       .1
 0002:00004ABC       .1
 0002:00002664       .1
 0002:00004B98       .1
 0002:0000266C       .1
 0002:00004C9C       .1
 0002:00004D60       .1
 0002:00004C98       .1
 0002:00004C94       .1
 0002:00002674       .1
 0002:0000267C       .1
 0002:00004A60       .1
 0002:000049C0       .1
 0002:00004C90       .1
 0002:0000489C       .1
 0002:00004C8C       .1
 0002:00004C88       .1
 0002:00004B64       .1
 0002:00004C84       .1
 0002:00004C7C       .1
 0002:00004C6C       .1
 0002:00004E30       .1
 0002:00004CA0       .11
 0002:00004AC4       .12
 0002:00004CAC       .12
 0002:00004E34       .2
 0002:00004CB8       .2
 0002:00004AB8       .2
 0002:00004B68       .2
 0002:00004D48       .2
 0002:00004E2C       .2
 0002:00004B54       .21
 0002:00004A68       .3
 0002:00004D90       .3
 0002:00004CF4       .3
 0002:00004B74       .3
 0002:00002670       .3
 0002:00004B70       .3
 0002:000049B0       .35
 0002:00004D0C       .36
 0002:00004C80       .4
 0002:00004CC4       .4
 0002:00004AB4       .41
 0002:00004D78       .41
 0002:00004D50       .42
 0002:00004A78       .45
 0002:00004A1C       .5
 0002:000025B4       .5
 0002:00004AB0       .5
 0002:00004BAC       .6
 0002:00004A64       .6
 0002:00004CFC       .72
 0002:00004DB4       .72
 0002:00004D54       .73
 0002:00004D6C       .8
 0002:00004D08       .8
 0002:00004AAC       .8
 0002:00004A40       .81
 0002:00004DA4       .9
 0001:00002208       @AbstractError
 0001:00002DF8       @AfterConstruction
 0001:00002BE4       @AsClass
 0001:00002370       @AStrCmp
 0001:00002E08       @BeforeDestruction
 0001:00002964       @BoundErr
 0001:00002C30       @CallDynaInst
 0001:00002DA0       @ClassCreate
 0001:00002DF0       @ClassDestroy
 0001:00002278       @Close
 0001:00001F6C       @Copy
 0001:000044CC       @CopyArray
 0001:000043B0       @CopyRecord
 0001:000045C0       @DispCallByIDError
 0001:000112B8       @DispInvokeError
 0001:00003284       @DoneExcept
 0001:00004B2C       @DynArrayAsg
 0001:00004AF0       @DynArrayClear
 0001:00004910       @DynArrayHigh
 0001:00004908       @DynArrayLength
 0001:00004AE4       @DynArraySetLength
 0001:0000336C       @ExceptionHandler
 0001:000023E0       @FillChar
 0001:0000438C       @Finalize
 0001:000042A0       @FinalizeArray
 0001:00004254       @FinalizeRecord
 0001:00002C48       @FindDynaInst
 0001:00002958       @FpuInit
 0001:00002894       @FpuMaskInit
 0001:00001D78       @FreeMem
 0001:00001D48       @GetMem
 0001:00005974       @GetTls
 0001:000037DC       @Halt
 0001:000036FC       @Halt0
 0001:00002F1C       @HandleAnyException
 0001:000031D0       @HandleFinally
 0001:00003048       @HandleOnException
 0001:000059C0       @InitExe
 0001:000041C0       @InitializeArray
 0001:00004190       @InitializeRecord
 0001:000035C0       @InitImports
 0001:00003598       @InitResStringImports
 0001:00003574       @InitResStrings
 0001:000052B8       @IntfAddRef
 0001:00005288       @IntfCast
 0001:00005244       @IntfClear
 0001:0000525C       @IntfCopy
 0001:00002BC0       @IsClass
 0001:00002864       @isNECWindows
 0001:00003CA4       @LStrAddRef
 0001:00003818       @LStrArrayClr
 0001:00003848       @LStrAsg
 0001:00003ABC       @LStrCat
 0001:00003B00       @LStrCat3
 0001:00003B74       @LStrCatN
 0001:000037F4       @LStrClr
 0001:00003C00       @LStrCmp
 0001:00003D14       @LStrCopy
 0001:00003D54       @LStrDelete
 0001:00003A64       @LStrFromArray
 0001:000039DC       @LStrFromChar
 0001:000039EC       @LStrFromPChar
 0001:000038E4       @LStrFromPCharLen
 0001:00003A1C       @LStrFromPWChar
 0001:00003950       @LStrFromPWCharLen
 0001:00003A58       @LStrFromString
 0001:00003A7C       @LStrFromWStr
 0001:00003D9C       @LStrInsert
 0001:0000388C       @LStrLAsg
 0001:00003AB4       @LStrLen
 0001:00003DF8       @LStrPos
 0001:00003E40       @LStrSetLength
 0001:00003CB4       @LStrToPChar
 0001:00003A90       @LStrToString
 0001:000038B8       @NewAnsiString
 0001:00003EAC       @NewWideString
 0001:00002578       @Pow10
 0001:000022EC       @PStrCmp
 0001:000022D0       @PStrNCpy
 0001:00003230       @RaiseAgain
 0001:00003208       @RaiseExcept
 0001:00001D98       @ReallocMem
 0001:000021FC       @ROUND
 0001:000037E8       @RunError
 0001:0000255C       @SetEq
 0001:00002504       @SetRange
 0001:00003534       @StartExe
 0001:000002BC       @strlen
 0001:000032B4       @TryFinallyExit
 0001:00003D0C       @UniqueStringA
 0001:000046E4       @ValInt64
 0001:00002400       @ValLong
 0001:00016364       @VarAddRef
 0001:00011BAC       @VarCast
 0001:000115A4       @VarClear
 0001:00004288       @VarClr
 0001:000115B8       @VarClr
 0001:00016C6C       @VarCmpEQ
 0001:00004398       @VarCopy
 0001:000118E0       @VarCopy
 0001:00015904       @VarFromBool
 0001:00015790       @VarFromByte
 0001:00015954       @VarFromCurr
 0001:000158AC       @VarFromCurrency
 0001:000158D8       @VarFromDate
 0001:000159F8       @VarFromDisp
 0001:00015880       @VarFromDouble
 0001:00015734       @VarFromInt
 0001:00015830       @VarFromInt64
 0001:00015770       @VarFromInteger
 0001:000159CC       @VarFromIntf
 0001:000157D0       @VarFromLongWord
 0001:00015968       @VarFromLStr
 0001:0001592C       @VarFromReal
 0001:000157F0       @VarFromShortInt
 0001:0001585C       @VarFromSingle
 0001:00015810       @VarFromSmallInt
 0001:00015940       @VarFromTDateTime
 0001:000157B0       @VarFromWord
 0001:00015994       @VarFromWStr
 0001:0001130C       @VarNull
 0001:00013378       @VarToBool
 0001:00013030       @VarToBoolean
 0001:00012470       @VarToByte
 0001:0001421C       @VarToCurrency
 0001:00013CB4       @VarToDate
 0001:00015688       @VarToDisp
 0001:00013544       @VarToDouble
 0001:00012A34       @VarToInt64
 0001:00011F70       @VarToInteger
 0001:000155BC       @VarToIntf
 0001:000126E8       @VarToLongWord
 0001:000148D0       @VarToLStr
 0001:000138C0       @VarToReal
 0001:000123C0       @VarToShortInt
 0001:000138DC       @VarToSingle
 0001:00012518       @VarToSmallInt
 0001:00012610       @VarToWord
 0001:00014FF0       @VarToWStr
 0001:00004170       @WStrAddRef
 0001:00003EEC       @WStrArrayClr
 0001:00003F10       @WStrAsg
 0001:00003ED4       @WStrClr
 0001:00004058       @WStrCmp
 0001:000040DC       @WStrCopy
 0001:0000402C       @WStrFromLStr
 0001:00003F34       @WStrFromPCharLen
 0001:00003FE4       @WStrFromPWChar
 0001:00003FC0       @WStrFromPWCharLen
 0001:00004020       @WStrFromString
 0001:0000404C       @WStrLen
 0001:00004128       @WStrSetLength
 0001:0000403C       @WStrToPWChar
 0001:000024E0       @_CLenToPasStr
 0001:000024D4       @_CToPasStr
 0001:00001F3C       @_IOTest
 0001:000045EC       @_lldiv
 0001:00004668       @_llmod
 0001:000045C8       @_llmul
 0001:00038994       AbortProc
 0001:00079400       AbsMin
 0001:0000E110       AbstractErrorHandler
 0002:00002028       AbstractErrorProc
 0002:00000850       AccessMode
 0001:00001E9C       AcquireExceptionObject
 0001:0001A4E0       ActivateClassGroup
 0001:0000617C       ActivateKeyboardLayout
 0002:00004DE8       ActiveDrag
 0001:00017CF0       ActiveX
 0001:00061E40       ActnList
 0001:0000041C       AddBlockAfter
 0002:00000B6C       AddDataModule
 0001:0001EA2C       AddFinished
 0001:00071830       AddIn
 0001:0000509C       AddModuleUnloadProc
 0001:000050AC       AddModuleUnloadProc
 0001:0001EA64       AddNotFinished
 0001:0001F488       AddSubComponentsToLoaded
 0001:000313CC       AdjustColor
 0001:0003CECC       AdjustColors
 0001:0000A24C       AdjustLineBreaks
 0001:0004DA24       AdjustLineBreaks
 0001:000644D8       Adjustment
 0001:00006184       AdjustWindowRectEx
 0002:00001024       Alignments
 0002:00001414       Alignments
 0002:00001690       Alignments
 0002:00001454       Alignments
 0002:000016A0       Alignments
 0001:0007EA94       AlignWork
 0001:0006B464       AlignWork
 0001:00024D9C       AllocateHWnd
 0001:000071EC       AllocateLargeBlock
 0001:00009F98       AllocMem
 0002:000025AC       AllocMemCount
 0002:000025B0       AllocMemSize
 0001:00007108       AllocNewSequentialFeedMediumPool
 0001:00036348       AllocPatternBitmap
 0002:00002680       AllocSize2SmallBlockTypeIndX4
 0001:0000591C       AllocTlsBuffer
 0001:00022210       AncestorIsValid
 0002:000016C4       AnchorAlign
 0002:000016B8       AnimateWindowProc
 0002:000017C0       AnimationStyle
 0001:0000A154       AnsiCompareStr
 0001:0000A18C       AnsiCompareText
 0001:0000AA88       AnsiLastChar
 0001:0000618C       AnsiLower
 0001:0000A120       AnsiLowerCase
 0001:0000EAEC       AnsiLowerCaseFileName
 0001:0000EAB0       AnsiPos
 0001:000760B8       AnsiSameCaption
 0001:0000A1C4       AnsiSameText
 0001:0000A1DC       AnsiStrLIComp
 0001:0000EB78       AnsiStrPos
 0001:0000EC38       AnsiStrRScan
 0001:0000EC80       AnsiStrScan
 0001:000056B8       AnsiToUtf8
 0001:00015544       AnyToIntf
 0001:0000BFC8       AppendChars
 0001:00006D64       AppendClassNameToBuffer
 0001:0000C394       AppendFormat
 0001:000069E4       AppendModuleFileName
 0001:0000C02C       AppendNumber
 0001:0000C00C       AppendString
 0001:00006D48       AppendStringToBuffer
 0001:00006A08       AppendStringToModuleName
 0002:00004D70       Application
 0002:00000B7C       ApplicationHandleException
 0002:00000B84       ApplicationShowException
 0002:000015A4       AppVisible
 0002:000012A8       Arrangements
 0001:0000E0F4       AssertErrorHandler
 0002:00002020       AssertErrorProc
 0001:00017368       AssignLongStr
 0001:000179E4       AssignVariant
 0002:000012B0       AutoArrange
 0002:00001248       AutoExpandStyles
 0002:00002604       avail
 0001:0000AC00       BackfillGetDiskFreeSpaceEx
 0001:0007BFBC       BackgroundClipped
 0001:0001016C       BackupVarBoolFromStr
 0001:000102CC       BackupVarBStrFromBool
 0001:000101EC       BackupVarBStrFromCy
 0001:0001025C       BackupVarBStrFromDate
 0001:00010100       BackupVarCyFromStr
 0001:00010094       BackupVarDateFromStr
 0001:0000FF50       BackupVarI4FromStr
 0001:0000FEFC       BackupVariantChangeTypeEx
 0001:0000FFBC       BackupVarR4FromStr
 0001:00010028       BackupVarR8FromStr
 0002:00000A40       BaseTypeMap
 0001:0001A8B4       BeginGlobalLoading
 0001:00006194       BeginPaint
 0001:000313D8       BetterSize
 0001:000726C4       BiDiDraw
 0001:0000709C       BinMediumSequentialFeedRemainder
 0001:000239A8       BinToHex
 0001:00005F14       BitBlt
 0002:000011A8       BitBtnCaptions
 0002:00004CC8       BitBtnGlyphs
 0002:00000F28       BitmapCanvasList
 0002:00004ADC       BitmapImageLock
 0001:0000FF38       BiUnimplemented
 0002:00000C24       BlockCode
 0002:000025DC       blockDescBlockList
 0002:000025E0       blockDescFreeList
 0001:00001A48       BlockSum
 0002:00000B60       BooleanIdents
 0002:00000A3C       BooleanToStringRule
 0001:0000A80C       BoolToStr
 0001:00014658       BoolToWStrViaOS
 0002:0000101C       BorderStyles
 0002:0000140C       BorderStyles
 0002:00001200       BorderStyles
 0002:00001288       BorderStyles
 0001:00005AF0       Bounds
 0001:000197DC       Bounds
 0002:00001638       Breaks
 0002:00004B14       BrushManager
 0001:00074E98       BuildImage
 0002:00000FF0       ButtonCaptions
 0002:00000FC4       ButtonNames
 0002:000016B4       Buttons
 0001:0003E9A0       Buttons
 0002:00001334       ButtonStates
 0002:00001344       ButtonStyles
 0002:00001218       ButtonStyles
 0001:00030BA4       BytesPerScanline
 0001:00030F08       ByteSwapColors
 0001:0000E7CC       ByteToCharIndex
 0001:0000E7A4       ByteToCharLen
 0001:0000E768       ByteType
 0001:0000E6F0       ByteTypeTest
 0002:00004D94       CachedComCtrlVer
 0002:000011F8       cAddMode
 0001:00024CD8       CalcJmpOffset
 0001:00057704       CalcSize
 0001:00086774       CalcSplitterPos
 0001:00028E20       CallerAddr
 0001:0000619C       CallNextHookEx
 0001:0000F358       CallTerminateProcs
 0001:000061A4       CallWindowProc
 0001:0007A438       CancelDrag
 0002:00004DFC       CanvasList
 0002:00004B18       CanvasList
 0002:00000FB0       Captions
 0002:0000177C       CaptureControl
 0002:000015D8       cBooleanToItemAutoFlag
 0002:00000A70       CBooleanToRelationship
 0001:00005B0C       CenterPoint
 0002:00004CB6       CF_COMPONENT
 0002:00004CB4       CF_PICTURE
 0002:00004A38       ChangeAnyProc
 0001:000789B8       ChangeBiDiModeAlignment
 0002:00001434       CharCases
 0001:00003914       CharFromWChar
 0001:0000E9B0       CharLength
 0001:000061AC       CharLowerBuff
 0001:0000023C       CharNext
 0001:000061B4       CharNext
 0001:0002F3DC       CharsetToIdent
 0001:0000E8B8       CharToByteIndex
 0001:0000E91C       CharToByteLen
 0001:000061BC       CharToOemA
 0001:00008190       CheckBlocksOnShutdown
 0001:000319BC       CheckBool
 0001:00008928       CheckCanInstallMemoryManager
 0001:00047800       CheckCommonControl
 0001:00002E98       CheckJmp
 0001:000061C4       CheckMenuItem
 0002:00001628       Checks
 0001:0000806C       CheckSmallBlockPoolForLeaks
 0001:0001F4C4       CheckSubComponents
 0001:00023AB0       CheckSynchronize
 0001:00063ED0       CheckTaskWindow
 0001:00015A24       CheckType
 0001:0007A0EC       CheckUndock
 0001:0000E5E4       CheckWin32Version
 0001:000061CC       ChildWindowFromPoint
 0002:00000A58       CInvalidCustomVariantType
 0002:000015DC       cItemAutoFlagToBoolean
 0002:000015D4       cItemAutoFlagToMenu
 0001:00024F28       Classes
 0001:0001A2A4       ClassNotFound
 0002:00004A34       ClearAnyProc
 0001:0002EC5C       ClearColor
 0001:0002D604       ClearRegistry
 0001:00016820       ClearVariantTypeList
 0001:000061D4       ClientToScreen
 0001:00083D18       ClientToWindow
 0001:0003E754       Clipboard
 0002:00000F20       ClipboardFormats
 0001:0003E840       Clipbrd
 0001:000061DC       CloseClipboard
 0001:00005C94       CloseHandle
 0001:00038814       ClosePrinter
 0002:00004BB4       CloseThemeData
 0002:00000F98       CLSID_AutoComplete
 0002:0000203C       CmdLine
 0002:00002038       CmdShow
 0002:000015D0       cMenuAutoFlagToItem
 0002:00000A7C       CmpTypeMap
 0001:0000FF44       CmpUnimplemented
 0001:00017CB0       CoCreateInstance
 0002:00001304       Codes
 0002:00001278       Codes
 0002:00004D44       CoInitExProcLoaded
 0001:00017CA0       CoInitialize
 0002:00004D40       CoInitializeExProc
 0001:0001AB70       CollectionsEqual
 0002:00000CA0       Colors
 0001:0002F1D4       ColorToIdent
 0002:00001030       ColorToPretyName
 0001:0002F1C4       ColorToRGB
 0002:000012D8       ColumnClicks
 0001:00005F1C       CombineRgn
 0002:00001384       ComboBoxExStyles
 0002:00001390       ComboExStyles
 0002:00004B5C       ComCtl32DLL
 0002:00004D18       ComCtlVersion
 0001:0005B594       ComCtrls
 0002:00004DA8       CommandPool
 0001:000377DC       CommCtrl
 0001:0003B32C       CommDlg
 0001:0000079C       Commit
 0002:00002620       committedRoot
 0001:00070E14       CompareFront
 0001:0000A088       CompareMem
 0001:0000A058       CompareStr
 0001:00005C9C       CompareString
 0001:0000A0A8       CompareText
 0001:0000A734       CompareWith
 0001:0001F5A4       ComponentCreated
 0001:0003177C       ComputeAldusChecksum
 0001:0003E168       ComStrs
 0001:0002D9C0       Consts
 0001:00036F88       Contnrs
 0002:00004DBA       ControlAtom
 0002:00004DC0       ControlAtomString
 0001:00068CC0       ControlHasHelp
 0001:00087410       Controls
 0002:000011F4       ConversionFormatList
 0002:00000BA0       Convert
 0002:00000BB0       Convert
 0001:0000DB40       ConvertAddr
 0001:0000C120       ConvertEraString
 0001:00009F74       ConvertErrorFmt
 0001:0005209C       ConvertFlags
 0001:00051F08       ConvertMask
 0001:000520C0       ConvertStates
 0001:0000C28C       ConvertYearString
 0001:00004918       CopyArray
 0001:00033944       CopyBitmap
 0001:0003400C       CopyBitmapAsMask
 0001:00005F24       CopyEnhMetaFile
 0001:000066D4       CopyMemory
 0001:00033FA8       CopyPalette
 0002:000013A8       Copyright
 0002:000000BC       Copyright
 0001:00073F44       CopyToBest
 0001:00017CB8       CoTaskMemAlloc
 0001:00017CA8       CoUninitialize
 0001:0000E828       CountChars
 0002:00004AF4       CounterLock
 0002:00000A5C       CRangeToType
 0001:0000E038       CreateAssertException
 0001:0000E1C0       CreateAVObject
 0001:00005F2C       CreateBitmap
 0001:00005F34       CreateBrushIndirect
 0001:00005F3C       CreateCompatibleBitmap
 0001:00005F44       CreateCompatibleDC
 0001:0001F624       CreateComponent
 0001:00005F4C       CreateDC
 0001:00005F5C       CreateDIBitmap
 0001:00005F54       CreateDIBSection
 0001:00005CA4       CreateEvent
 0001:00005CAC       CreateFile
 0001:00005F64       CreateFontIndirect
 0001:00005F6C       CreateHalftonePalette
 0001:00005F74       CreateIC
 0001:000061E4       CreateIcon
 0001:0000DF64       CreateInOutError
 0001:000061EC       CreateMenu
 0001:00005F7C       CreatePalette
 0001:00005F84       CreatePenIndirect
 0001:000061F4       CreatePopupMenu
 0001:00005F8C       CreateRectRgn
 0001:0002D4B0       CreateRegistry
 0001:00005F94       CreateSolidBrush
 0001:00030F60       CreateSystemPalette
 0001:00005CB4       CreateThread
 0001:000067C8       CreateWindow
 0001:00006770       CreateWindowEx
 0002:00000FA8       CreationControl
 0002:000016BC       CreationControl
 0002:00000B4C       CRelationshipToBoolean
 0002:00000A20       CResult
 0002:00000848       cSimpleBoolStrs
 0002:00000AF8       CText
 0002:000017B8       Ctl3DStyles
 0002:00000F90       Ctl3DStyles
 0002:00002618       curAlloc
 0001:00015CB8       CurrCompare
 0002:000048A8       CurrencyDecimals
 0002:000048A4       CurrencyFormat
 0002:000048A0       CurrencyString
 0001:0000BFB4       CurrentYear
 0001:0000BB04       CurrToStr
 0001:000145E8       CurrToWStrViaOS
 0002:0000151C       CursorMap
 0002:000016CC       Cursors
 0001:00078CD8       CursorToIdent
 0002:0000150C       cUseAlpha
 0002:00001514       cUseColorKey
 0002:00001378       CustomizeStyles
 0001:0000A458       CvtInt
 0001:0000A4C4       CvtInt64
 0002:00000888       CWNear
 0001:00026240       DataTypeToRegData
 0001:00015C90       DateCompare
 0002:000048A9       DateSeparator
 0001:0000CBF8       DateTimeToStr
 0001:0000CB6C       DateTimeToString
 0001:0000BC00       DateTimeToTimeStamp
 0001:0000CBC8       DateToStr
 0001:00014620       DateToWStrViaOS
 0001:0000BF8C       DayOfWeek
 0002:00000884       DCon10
 0002:00000C9C       DDBsOnly
 0001:00024E50       DeallocateHWnd
 0002:00000028       DebugHook
 0001:0008C114       DebugUtils
 0002:000048A7       DecimalSeparator
 0001:0000BF6C       DecodeDate
 0001:0000BE1C       DecodeDateFully
 0001:0000BCB4       DecodeTime
 0001:0000085C       Decommit
 0001:00000F88       DecommitFree
 0002:000025F4       decommittedRoot
 0001:00066940       Default
 0001:0006C0D0       Default
 0002:00000020       Default8087CW
 0002:000016C0       DefaultDockTreeClass
 0001:00050968       DefaultListViewSort
 0001:000478A8       DefaultTreeViewSort
 0002:000025B8       DefaultUserCodePage
 0002:00000EF0       DefBrushData
 0002:00000C70       DefFontData
 0001:000061FC       DefFrameProc
 0002:00000914       DefLongDayNames
 0002:000008C8       DefLongMonthNames
 0001:00006204       DefMDIChildProc
 0002:00000ED0       DefPenData
 0002:000008F8       DefShortDayNames
 0002:00000898       DefShortMonthNames
 0001:0000620C       DefWindowProc
 0001:00004B84       DelayLoadResourceModule
 0001:00000478       DeleteBlock
 0001:00005CBC       DeleteCriticalSection
 0001:00000388       DeleteCriticalSection
 0001:00005F9C       DeleteDC
 0001:00005FA4       DeleteEnhMetaFile
 0001:0000AA70       DeleteFile
 0001:00005CC4       DeleteFile
 0001:00000D70       DeleteFree
 0001:00006214       DeleteMenu
 0001:00005FAC       DeleteObject
 0001:00006C0C       DelphiIsRunning
 0001:00033500       DeselectBitmap
 0001:0000621C       DestroyCursor
 0001:00006224       DestroyIcon
 0001:0003E8D0       DestroyLocals
 0001:0000622C       DestroyMenu
 0001:00006234       DestroyWindow
 0001:00006EE8       DetectClassInstance
 0001:00007F34       DetectStringData
 0001:000600E0       DialogEnumerationTester
 0001:0003B99C       Dialogs
 0002:00000F2C       DIBPalSizes
 0002:0000008C       dig
 0002:000012F0       Directions
 0001:00063D0C       DisableTaskWindows
 0001:0000623C       DispatchMessage
 0001:00069FA0       DispatchShortCut
 0002:00002000       DispCallByIDProc
 0001:00009F58       DivMod
 0001:0003B364       Dlgs
 0001:0007E924       DoAlign
 0001:0006B318       DoAlign
 0001:0008AB20       DoApply
 0001:000829D8       DoCalcConstraints
 0002:00004DF0       DockSiteList
 0001:00074B64       DoClick
 0001:00080068       DoControlMsg
 0001:0003881C       DocumentProperties
 0001:00063CBC       DoDisableWindow
 0001:00079A18       DoDragOver
 0001:00084A48       DoFindControlZone
 0001:00063E10       DoFindWindow
 0001:00084FD4       DoFindZone
 0001:00084ACC       DoForEach
 0001:000863D8       DoGetNextLimit
 0001:00063C84       DoneApplication
 0001:00087138       DoneControls
 0001:0000E4F4       DoneExceptions
 0001:0006831C       DoNestedActivation
 0001:00023A70       DoneThreadSynchronization
 0001:0006D300       DoOnHelp
 0001:0007E4E4       DoPosition
 0001:0006B168       DoPosition
 0001:00085A00       DoPrune
 0001:0003C960       DoRect
 0001:00085ED8       DoSaveZone
 0001:000860DC       DoSetNewBounds
 0002:00000B68       DotSep
 0002:00001350       DownMessage
 0001:0003264C       DoWrite
 0001:0006F474       DoWrite
 0001:0001C9E8       DoWrite
 0001:00031C14       DoWrite
 0001:0007F650       DoWriteDesignSize
 0001:0007D0BC       DoWriteIsControl
 0002:00004DD4       DragCapture
 0002:00004DC8       DragControl
 0001:0007A160       DragDone
 0001:000799C8       DragFindTarget
 0001:0007999C       DragFindWindow
 0002:00004DEC       DragImageList
 0001:00079DB8       DragInit
 0001:00079F28       DragInitControl
 0002:00004DD0       DragInternalObject
 0001:000798E4       DragMessage
 0002:00004DCC       DragObject
 0002:00004DF8       DragSave
 0002:00004DE0       DragSaveCursor
 0002:00004DD8       DragStartPos
 0002:00001230       DragStyles
 0002:00004DE4       DragThreshold
 0001:00079AE8       DragTo
 0001:0006C10C       DrawAppIcon
 0001:0008556C       DrawCloseButton
 0001:00006244       DrawEdge
 0001:0000624C       DrawFrameControl
 0001:000855C4       DrawGrabberLine
 0001:00006254       DrawIcon
 0001:0000625C       DrawIconEx
 0002:000015AC       DrawingStyles
 0001:00006264       DrawMenuBar
 0001:00075ED4       DrawMenuItem
 0001:0000626C       DrawText
 0002:00004BB8       DrawThemeBackground
 0002:00004BDC       DrawThemeEdge
 0002:00004BE0       DrawThemeIcon
 0002:00004C64       DrawThemeParentBackground
 0002:00004BBC       DrawThemeText
 0001:0008C7AC       duDfmFile
 0001:00030A24       DupBits
 0001:00004930       DynArrayClear
 0001:00004938       DynArraySetLength
 0001:0002D008       EBreakingTestFailure.Create
 0002:00001698       EdgeStyle
 0002:000017A8       EdgeStyles
 0002:00001290       EditStyles
 0002:00001220       EditStyles
 0001:0000DF38       EHeapException.FreeInstance
 0002:00001450       Empty
 0002:00001260       Empty
 0001:00006274       EmptyClipboard
 0001:00015B1C       EmptyCompare
 0002:00004A20       EmptyParam
 0002:000007D0       EmptyStr
 0002:00000C68       EmptyTestList
 0002:000007D4       EmptyWideStr
 0001:0000627C       EnableMenuItem
 0002:00001630       Enables
 0001:00006284       EnableScrollBar
 0001:00063DC0       EnableTaskWindows
 0002:00004C4C       EnableThemeDialogTexture
 0002:00004C68       EnableTheming
 0001:0000628C       EnableWindow
 0001:00005FB4       EndDoc
 0001:0001A93C       EndGlobalLoading
 0001:00005FBC       EndPage
 0001:00006294       EndPaint
 0001:00000378       EnterCriticalSection
 0001:00005CCC       EnterCriticalSection
 0001:00005CD4       EnumCalendarInfoA
 0001:0000629C       EnumClipboardFormats
 0002:00004B3C       EnumDisplayMonitors
 0001:0000D7B4       EnumEraNames
 0001:0000D7F0       EnumEraYearOffsets
 0001:00066F04       EnumMonitorsProc
 0001:00038824       EnumPrinters
 0001:000062A4       EnumThreadWindows
 0001:0001EDD4       EnumValue
 0001:000062AC       EnumWindows
 0001:000062B4       EqualRect
 0002:00004970       EraNames
 0001:0000CE70       EraToYear
 0002:0000498C       EraYearOffsets
 0002:00000064       errCaption
 0001:00019E48       Error
 0001:0001E5B8       Error
 0001:00001F30       Error
 0001:00070B64       Error
 0002:00000004       ErrorAddr
 0001:00001EE4       ErrorAt
 0001:0000DFE4       ErrorHandler
 0002:00000930       ErrorMap
 0002:00002008       ErrorProc
 0002:000023E0       ErrOutput
 0001:0002CF8C       ETestFailure.Create
 0001:00001E70       ExceptAddr
 0002:0000200C       ExceptClsProc
 0001:0000E460       ExceptHandler
 0001:0000DDAC       Exception.Create
 0001:0000DDE8       Exception.CreateFmt
 0001:0000DE68       Exception.CreateRes
 0001:0000DEA4       Exception.CreateResFmt
 0002:0000201C       ExceptionClass
 0001:0000DB4C       ExceptionErrorMessage
 0002:00000968       ExceptMap
 0001:00001E50       ExceptObject
 0002:00002010       ExceptObjProc
 0002:00002004       ExceptProc
 0001:00005FC4       ExcludeClipRect
 0002:00000000       ExitCode
 0001:00003640       ExitDll
 0002:00002040       ExitProc
 0001:00000244       ExitProcess
 0002:00002024       ExitProcessProc
 0001:0000ABC4       ExpandFileName
 0002:0000487C       ExpectedMemoryLeaks
 0001:0003EABC       ExtActns
 0001:0003E0D0       ExtCtrls
 0001:0003E9F8       ExtDlgs
 0001:0000AB7C       ExtractFileExt
 0001:0000AB44       ExtractFileName
 0001:0000AB10       ExtractFilePath
 0001:00005FCC       ExtTextOut
 0002:000049AC       FalseBoolStrs
 0001:00007784       FastFreeMem
 0001:00007488       FastGetMem
 0001:00008FF0       FastMM4
 0001:00006980       FastMM4Messages
 0002:00004898       FastMMIsInstalled
 0001:00007920       FastReallocMem
 0002:00004CBC       FClipboard
 0002:00000878       FCon1E18
 0001:0003892C       FetchStr
 0001:0000A96C       FileClose
 0001:0000A8D4       FileCreate
 0001:0000A8B0       FileCreate
 0002:00000F24       FileFormats
 0002:00000008       FileMode
 0001:0000A858       FileOpen
 0001:0000A8DC       FileRead
 0002:00000B94       FilerSignature
 0001:0000A934       FileSeek
 0001:00005CDC       FileTimeToDosDateTime
 0001:00005CE4       FileTimeToLocalFileTime
 0001:0000A908       FileWrite
 0001:00000EA8       FillAfterGap
 0001:00000E48       FillBeforeGap
 0001:00000F48       FillerSizeAfterGap
 0001:00000ED0       FillerSizeBeforeGap
 0001:000062BC       FillRect
 0001:0003B2C4       Finalization
 0001:0000FCA4       Finalization
 0001:0000FEA4       Finalization
 0001:00008FB0       Finalization
 0001:00038834       Finalization
 0001:00009300       Finalization
 0001:000057D4       Finalization
 0001:00017C48       Finalization
 0001:0003B258       Finalization
 0001:0006E314       Finalization
 0001:00017CC0       Finalization
 0001:0003B220       Finalization
 0001:000873A8       Finalization
 0001:0003B1E8       Finalization
 0001:000761B4       Finalization
 0001:00039CB0       Finalization
 0001:00036C98       Finalization
 0001:00036F58       Finalization
 0001:0003A634       Finalization
 0001:00005B38       Finalization
 0001:0003B1B0       Finalization
 0001:0003B178       Finalization
 0001:0008C094       Finalization
 0001:0003A6A4       Finalization
 0001:00005A04       Finalization
 0001:000406D0       Finalization
 0001:0003B2FC       Finalization
 0001:0003B334       Finalization
 0001:0003EA6C       Finalization
 0001:00039B04       Finalization
 0001:0003EA14       Finalization
 0001:0008C0E4       Finalization
 0001:0002D990       Finalization
 0001:000387CC       Finalization
 0001:0002D690       Finalization
 0001:0003B940       Finalization
 0001:00024E78       Finalization
 0001:0008C77C       Finalization
 0001:00025F94       Finalization
 0001:0003E088       Finalization
 0001:0003E138       Finalization
 0001:0003E9C8       Finalization
 0001:00061E10       Finalization
 0001:00060358       Finalization
 0001:00027EF4       Finalization
 0001:0003E968       Finalization
 0001:000377E4       Finalization
 0001:0005F6D4       Finalization
 0001:0005F56C       Finalization
 0001:0005B51C       Finalization
 0001:000397E0       Finalization
 0001:0002D614       Finalization
 0001:0003E898       Finalization
 0001:0003E804       Finalization
 0001:00006918       Finalization
 0001:0008C800       Finalization
 0001:000377AC       Finalization
 0001:0005BFF8       Finalization
 0001:00036380       Finalization
 0001:00006950       Finalization
 0001:00010698       Finalization
 0001:0006FBC4       Finalization
 0001:00016EB8       Finalization
 0001:00016C7C       Finalization
 0001:00004928       FinalizeArray
 0001:00008F28       FinalizeMemoryManager
 0001:00003454       FinalizeUnits
 0001:00074924       Find
 0001:00021908       FindAncestor
 0001:00004C14       FindBS
 0001:00058FB0       FindButton
 0001:0001A364       FindClass
 0001:00004B7C       FindClassHInstance
 0001:00005CEC       FindClose
 0001:0000AA54       FindClose
 0001:00000254       FindClose
 0001:00000E04       FindCommitted
 0001:00078AB8       FindControl
 0001:00085200       FindControlAtPos
 0001:00016AC4       FindCustomVariantType
 0001:00016B7C       FindCustomVariantType
 0001:0007A484       FindDragTarget
 0001:0001F7D4       FindExistingComponent
 0001:0000A9E0       FindFirst
 0001:0000025C       FindFirstFile
 0001:00005CF4       FindFirstFile
 0001:00063F1C       FindGlobalComponent
 0001:0001A7CC       FindGlobalComponent
 0002:00004A84       FindGlobalComponentProcs
 0001:00004B54       FindHInstance
 0001:0001A674       FindIdentToInt
 0001:0001A5F8       FindIntToIdent
 0001:0000A974       FindMatchingFile
 0002:00004CA8       FindMsg
 0001:0001E964       FindNestedComponent
 0001:0000AA30       FindNext
 0001:00005CFC       FindNextFile
 0001:00070B2C       FindPopupControl
 0001:00010360       FindProc
 0001:00005D04       FindResource
 0001:00004BCC       FindResourceHInstance
 0001:0006DB44       FindScanline
 0001:00063E74       FindTopMostWindow
 0001:000206B8       FindUniqueName
 0001:0001665C       FindVarData
 0001:0007A450       FindVCLWindow
 0001:000062C4       FindWindow
 0001:000062CC       FindWindowA
 0001:00060138       FindWinHelp
 0001:000338F8       FixupBitFields
 0002:000016A8       Flags
 0002:000049BC       FLanguages
 0002:00001368       FlatOnXp
 0001:00039B34       FlatSB
 0002:00004B78       FlatSB_EnableScrollBar
 0002:00004B84       FlatSB_GetScrollInfo
 0002:00004B88       FlatSB_GetScrollPos
 0002:00004B80       FlatSB_GetScrollRange
 0002:00004B90       FlatSB_SetScrollInfo
 0002:00004B8C       FlatSB_SetScrollPos
 0001:00039824       FlatSB_SetScrollProp
 0002:00004B94       FlatSB_SetScrollRange
 0002:00004B7C       FlatSB_ShowScrollBar
 0002:00001360       FlatStyles
 0001:0000B794       FloatToDecimal
 0001:0000BAD4       FloatToStr
 0001:0000B4C0       FloatToText
 0001:0000226C       Flush
 0002:0000088C       FMSecsPerDay
 0001:0000B3B4       FmtStr
 0002:00001490       FocusCount
 0002:0000148C       FocusMessages
 0002:00000E40       FontCharsets
 0002:00004B0C       FontManager
 0001:00063EF0       ForegroundTask
 0001:0000B3A0       Format
 0002:00000894       Format
 0001:0000AF90       FormatBuf
 0001:0000AF84       FormatClearStr
 0001:00089954       FormatElapsedTime
 0001:0000AF08       FormatError
 0002:00000870       FormatErrorStrs
 0001:00005D0C       FormatMessage
 0001:0000AF60       FormatVarToStr
 0001:0006E370       Forms
 0001:00002570       FPower10
 0002:00000F74       FPrinter
 0001:0003CA24       Frame3D
 0001:000062D4       FrameRect
 0001:00008838       FreeAllMemory
 0001:0000F884       FreeAndNil
 0001:00000B04       FreeCommitted
 0001:0000113C       FreeCurAlloc
 0001:0007A544       FreeDeviceContext
 0001:0007A600       FreeDeviceContexts
 0001:00024C44       FreeIntConstList
 0001:0000726C       FreeLargeBlock
 0001:00005D14       FreeLibrary
 0001:00000264       FreeLibrary
 0001:00033454       FreeMemoryContexts
 0001:00063FB8       FreeObjectInstance
 0001:00024D78       FreeObjectInstance
 0001:00005D24       FreeResource
 0001:000006D4       FreeSpace
 0001:0000F384       FreeTerminateProcs
 0001:00039CE8       FreeThemeLibrary
 0002:00004D14       FRichEditModule
 0001:00030A14       GDICheck
 0001:0003096C       GDIError
 0001:000021F4       Get8087CW
 0001:00005D2C       GetACP
 0001:000062DC       GetActiveWindow
 0001:0006B7F4       GetAnimation
 0001:00005FD4       GetBitmapBits
 0001:00000390       GetBlockDesc
 0001:00005FDC       GetBrushOrgEx
 0001:000062E4       GetCapture
 0001:00078D80       GetCaptureControl
 0001:0001A310       GetClass
 0001:000062EC       GetClassInfo
 0001:000062F4       GetClassName
 0001:000062FC       GetClientRect
 0001:00006304       GetClipboardData
 0001:00032148       GetClipboardFormats
 0001:00005FE4       GetClipBox
 0001:0000032C       GetCmdShow
 0001:0006E5B0       GetColor
 0001:00047828       GetComCtlVersion
 0001:0000026C       GetCommandLine
 0001:00000918       GetCommitted
 0001:000009C0       GetCommittedAt
 0001:00022CC0       GetComponentValue
 0001:0007FC1C       GetControlAtPos
 0001:0000C078       GetCount
 0001:00005D34       GetCPInfo
 0001:00005FEC       GetCurrentPositionEx
 0001:00005D3C       GetCurrentProcessId
 0002:00004C5C       GetCurrentThemeName
 0001:00005D44       GetCurrentThreadId
 0001:0000031C       GetCurrentThreadId
 0001:000066CC       GetCurrentTime
 0001:0000630C       GetCursor
 0001:0006DB54       GetCursorHeightMargin
 0001:00006314       GetCursorPos
 0001:0000C0A8       GetDate
 0001:00005D4C       GetDateFormat
 0001:0000CD88       GetDateOrder
 0001:0000631C       GetDC
 0001:00006324       GetDCEx
 0001:00005FF4       GetDCOrgEx
 0001:00035F88       GetDefFontCharSet
 0001:0001BF90       GetDesigner
 0001:0000632C       GetDesktopWindow
 0001:0000600C       GetDeviceCaps
 0001:000319A4       GetDIB
 0001:00005FFC       GetDIBColorTable
 0001:00006004       GetDIBits
 0001:000318EC       GetDIBSizes
 0001:00030B84       GetDInColors
 0001:00005D54       GetDiskFreeSpaceA
 0002:00000844       GetDiskFreeSpaceEx
 0001:000864B8       GetDockAlign
 0001:00079728       GetDockSiteAtPos
 0001:00079A54       GetDropCtl
 0001:00002C00       GetDynaMethod
 0001:00006014       GetEnhMetaFileBits
 0001:0000601C       GetEnhMetaFileHeader
 0001:00006024       GetEnhMetaFilePaletteEntries
 0001:00016F28       GetEnumName
 0001:00017000       GetEnumNameValue
 0001:0001704C       GetEnumValue
 0001:0000D868       GetEraNamesAndYearOffsets
 0001:0000CE1C       GetEraYearOffset
 0001:0000E1A8       GetExceptionClass
 0001:0000E394       GetExceptionObject
 0001:0001A298       GetFieldClassTable
 0001:0000E604       GetFileVersion
 0001:00005EFC       GetFileVersionInfo
 0001:00005F04       GetFileVersionInfoSize
 0001:00006F10       GetFirstAndLastSmallBlockInPool
 0001:00006F78       GetFirstMediumBlockInPool
 0001:000176D4       GetFloatProp
 0001:00006334       GetFocus
 0001:0002F3FC       GetFontData
 0001:0000633C       GetForegroundWindow
 0001:0000EF2C       GetFormatSettings
 0001:00005D5C       GetFullPathName
 0001:0002E944       GetHashCode
 0001:00001A6C       GetHeapStatus
 0001:00068CF8       GetHelpInfo
 0001:00037C64       GetHelpSystem
 0001:0006B5D8       GetHint
 0001:0006B610       GetHintControl
 0001:00076054       GetHotkey
 0001:00006344       GetIconInfo
 0001:00056934       GetImageBitmap
 0001:00017AF0       GetInt64Prop
 0001:00017B54       GetInterfaceProp
 0001:0000635C       GetKeyboardLayout
 0001:00006364       GetKeyboardLayoutList
 0001:0000636C       GetKeyboardState
 0001:0000285C       GetKeyboardType
 0001:0000634C       GetKeyNameText
 0001:00006354       GetKeyState
 0001:00006374       GetLastActivePopup
 0001:00084780       GetLastChildZone
 0001:00005D64       GetLastError
 0001:000505C0       GetLength
 0001:0000D62C       GetLocaleChar
 0001:00005D74       GetLocaleInfo
 0001:00000274       GetLocaleInfo
 0001:0000D5E0       GetLocaleStr
 0001:00005D6C       GetLocalTime
 0001:00078D3C       GetLongHint
 0001:0001737C       GetLongStrProp
 0001:00007FD8       GetMemoryLeakType
 0001:00001DE8       GetMemoryManager
 0001:0000637C       GetMenu
 0001:00068C80       GetMenuHelpContext
 0001:00006384       GetMenuItemCount
 0001:0000638C       GetMenuItemID
 0001:00006394       GetMenuItemInfo
 0001:00073170       GetMenuSize
 0001:0000639C       GetMenuState
 0001:000063A4       GetMenuString
 0001:000063AC       GetMessagePos
 0001:00017A78       GetMethodProp
 0001:00005D7C       GetModuleFileName
 0001:0000027C       GetModuleFileName
 0001:00005D84       GetModuleFileNameA
 0001:00005D8C       GetModuleHandle
 0001:00000284       GetModuleHandle
 0001:000058FC       GetModuleHandle
 0002:00004B30       GetMonitorInfo
 0002:00004B34       GetMonitorInfoA
 0002:00004B38       GetMonitorInfoW
 0001:0000D690       GetMonthDayNames
 0001:000063B4       GetNextWindow
 0001:0000602C       GetObject
 0001:000171A4       GetOrdProp
 0001:00006034       GetPaletteEntries
 0001:00002010       GetParamStr
 0001:000063BC       GetParent
 0001:0006412C       GetParentForm
 0001:0000603C       GetPixel
 0001:00005D94       GetPrivateProfileString
 0001:00005D9C       GetProcAddress
 0001:0000028C       GetProcAddress
 0001:00005DA4       GetProfileString
 0001:000063C4       GetProp
 0001:000170B0       GetPropInfo
 0001:00017120       GetPropInfos
 0001:000645EC       GetRealScrollPosition
 0001:0006E590       GetRGBColor
 0001:00006044       GetRgnBox
 0001:000063CC       GetScrollInfo
 0001:000063D4       GetScrollPos
 0001:000063DC       GetScrollRange
 0001:00078CF8       GetShortHint
 0001:00017274       GetShortStrProp
 0001:0001730C       GetShortStrPropAsLongStr
 0001:000005F8       GetSpace
 0001:0000065C       GetSpaceAt
 0001:00070BBC       GetSpecialName
 0001:00000294       GetStartupInfo
 0001:00005DAC       GetStdHandle
 0001:00000214       GetStdHandle
 0001:0000604C       GetStockObject
 0001:00005DB4       GetStringTypeEx
 0001:000174AC       GetStrProp
 0001:000063E4       GetSubMenu
 0001:000063EC       GetSysColor
 0001:000063F4       GetSysColorBrush
 0001:00005DBC       GetSystemInfo
 0001:000063FC       GetSystemMenu
 0001:00006404       GetSystemMetrics
 0002:00004B20       GetSystemMetrics
 0001:00006054       GetSystemPaletteEntries
 0001:0000605C       GetTextExtentPoint32
 0001:00006064       GetTextMetrics
 0002:00004C54       GetThemeAppProperties
 0002:00004BC0       GetThemeBackgroundContentRect
 0002:00004BC4       GetThemeBackgroundExtent
 0002:00004BD4       GetThemeBackgroundRegion
 0002:00004BF8       GetThemeBool
 0002:00004BEC       GetThemeColor
 0002:00004C60       GetThemeDocumentationProperty
 0002:00004C00       GetThemeEnumValue
 0002:00004C20       GetThemeFilename
 0002:00004C08       GetThemeFont
 0002:00004BFC       GetThemeInt
 0002:00004C14       GetThemeIntList
 0002:00004C10       GetThemeMargins
 0002:00004BF0       GetThemeMetric
 0002:00004BC8       GetThemePartSize
 0002:00004C04       GetThemePosition
 0002:00004C18       GetThemePropertyOrigin
 0002:00004C0C       GetThemeRect
 0002:00004BF4       GetThemeString
 0002:00004C2C       GetThemeSysBool
 0002:00004C24       GetThemeSysColor
 0002:00004C28       GetThemeSysColorBrush
 0002:00004C34       GetThemeSysFont
 0002:00004C3C       GetThemeSysInt
 0002:00004C30       GetThemeSysSize
 0002:00004C38       GetThemeSysString
 0002:00004BCC       GetThemeTextExtent
 0002:00004BD0       GetThemeTextMetrics
 0001:00005DC4       GetThreadLocale
 0001:0000029C       GetThreadLocale
 0001:00005DCC       GetTickCount
 0001:0000C0E0       GetTime
 0001:00005928       GetTlsSize
 0001:0006BDE8       GetTopMostWindows
 0001:00078E88       GetTopParent
 0001:0000640C       GetTopWindow
 0001:00016F1C       GetTypeData
 0001:00006414       GetUpdateRect
 0001:00016788       GetVarDataArrayInfo
 0001:000179F8       GetVariantProp
 0001:00000324       GetVersion
 0001:00005DD4       GetVersion
 0001:00005DDC       GetVersionEx
 0001:00017518       GetWideStrProp
 0001:000173FC       GetWideStrPropAsLongStr
 0001:0000641C       GetWindow
 0001:00006424       GetWindowDC
 0001:0000642C       GetWindowLong
 0001:00006074       GetWindowOrgEx
 0001:00006434       GetWindowPlacement
 0001:0000643C       GetWindowRect
 0001:00006444       GetWindowText
 0002:00004C48       GetWindowTheme
 0001:0000644C       GetWindowThreadProcessId
 0001:00006454       GetWindowThreadProcessId
 0001:0000606C       GetWinMetaFileBits
 0001:00005DE4       GlobalAddAtom
 0001:00005DEC       GlobalAlloc
 0001:000066E0       GlobalAllocPtr
 0001:00005DF4       GlobalDeleteAtom
 0001:00005DFC       GlobalFindAtom
 0002:00004A88       GlobalFixupList
 0001:0001EAAC       GlobalFixupReferences
 0001:00005E04       GlobalFree
 0001:0000670C       GlobalFreePtr
 0001:00005E14       GlobalHandle
 0001:00005E0C       GlobalLock
 0002:00004A6C       GlobalNameSpace
 0001:00005E1C       GlobalReAlloc
 0001:000066F0       GlobalReAllocPtr
 0001:00005E24       GlobalUnlock
 0001:00036454       Graphics
 0001:0001A48C       GroupDescendentsWith
 0001:0008C0C4       GUITestRunner
 0001:00011234       HandleConversionException
 0001:00068F00       HandleEdge
 0001:0001FF10       HandleException
 0001:0005CEF0       HasPopup
 0002:00000024       HeapAllocFlags
 0002:000025C0       heapErrorCode
 0002:000025C4       heapLock
 0001:0003880C       HelpIntfs
 0002:00004B6C       HelpManager
 0002:00004CA4       HelpMsg
 0002:00004D64       HelpViewer
 0002:00004D68       HelpViewerIntf
 0002:00000840       HexDisplayPrefix
 0001:000239E4       HexToBin
 0002:00001264       HideScrollBars
 0002:000012A0       HideSelections
 0002:0000126C       HideSelections
 0002:00001228       HideSelections
 0002:00001440       HideSelections
 0001:00086534       HideZone
 0002:00002660       HInstance
 0002:00004D84       HintDoneEvent
 0001:0006B6E0       HintGetMsgHook
 0002:00004D88       HintHook
 0001:0006B684       HintMouseThread
 0002:00004D8C       HintThread
 0002:00004D80       HintThreadID
 0001:0006B630       HintTimerProc
 0002:00001484       HintWindowClass
 0002:00004BD8       HitTestThemeBackground
 0001:000066C8       HiWord
 0001:0006B724       HookHintHooks
 0002:00001250       HotTrackStyles
 0001:00006820       HwndMSWheel
 0002:0000131C       IAlignment
 0002:0000164C       IBreaks
 0002:00001658       IChecks
 0002:00001660       IDefaults
 0001:0002F3EC       IdentToCharset
 0001:0002F1E4       IdentToColor
 0001:00078CE8       IdentToCursor
 0001:0001A6F0       IdentToInt
 0002:00001668       IEnables
 0001:00073F14       IfHotkeyAvailable
 0002:00004D98       ImageListWriteExProc
 0001:00037044       ImageList_Add
 0001:00037064       ImageList_AddIcon
 0001:0003708C       ImageList_BeginDrag
 0001:0003702C       ImageList_Create
 0001:00037034       ImageList_Destroy
 0001:0003709C       ImageList_DragEnter
 0001:000370A4       ImageList_DragLeave
 0001:000370AC       ImageList_DragMove
 0001:000370BC       ImageList_DragShowNolock
 0001:00037074       ImageList_Draw
 0001:0003707C       ImageList_DrawEx
 0001:00037094       ImageList_EndDrag
 0001:0003705C       ImageList_GetBkColor
 0001:000370C4       ImageList_GetDragImage
 0001:000370DC       ImageList_GetIconSize
 0001:0003703C       ImageList_GetImageCount
 0001:000370CC       ImageList_Read
 0001:00037084       ImageList_Remove
 0001:0003704C       ImageList_ReplaceIcon
 0001:00037054       ImageList_SetBkColor
 0001:000370B4       ImageList_SetDragCursorImage
 0001:000370E4       ImageList_SetIconSize
 0001:000370D4       ImageList_Write
 0002:000015BC       Images
 0001:0006FBF4       ImgList
 0001:00037814       Imm
 0002:000017E8       IMM32DLL
 0001:00087124       Imm32IsIME
 0002:00000890       IMSecsPerDay
 0001:00011320       InBounds
 0001:000115C0       InBounds
 0001:0000EA5C       IncludeTrailingBackslash
 0001:0000EA70       IncludeTrailingPathDelimiter
 0001:000115F0       Increment
 0001:00011350       Increment
 0001:00037070       IndexToOverlayMask
 0001:00037130       IndexToStateImageMask
 0001:0000645C       InflateRect
 0001:00025FDC       IniFiles
 0001:00000B98       InitAllocator
 0001:00036550       InitAnApi
 0002:00004B48       InitApis
 0001:00036F98       InitComCtl
 0001:000477D4       InitCommonControl
 0001:00036F90       InitCommonControls
 0001:00036FF8       InitCommonControlsEx
 0001:0001A998       InitComponent
 0002:00002630       InitContext
 0001:000871C0       InitControls
 0001:00035FCC       InitDefFontData
 0002:00001380       InitDone
 0001:0000F3B0       InitDriveSpacePtr
 0001:0000E470       InitExceptions
 0001:00039880       InitFlatSB
 0001:0003B7EC       InitGlobals
 0002:000007CC       InitializationCodeHasRun
 0001:000317A4       InitializeBitmapInfoHeader
 0001:00005E2C       InitializeCriticalSection
 0001:00000370       InitializeCriticalSection
 0002:000025BC       initialized
 0001:00039858       InitializeFlatSB
 0001:00008D44       InitializeMemoryManager
 0001:000059B4       InitializeModule
 0001:0001038C       InitializeVarUtils
 0001:00086DC4       InitIMM32
 0001:0001AA40       InitInheritedComponent
 0001:0000ED3C       InitLeadBytes
 0001:00036C2C       InitMultiMonStubs
 0001:0000E574       InitPlatformId
 0001:0006E288       InitProcs
 0001:00035F50       InitScreenLogPixels
 0001:0000EDB4       InitSysLocale
 0001:00039EA8       InitThemeLibrary
 0001:00023A3C       InitThreadSynchronization
 0001:00005930       InitThreadTLS
 0001:00059330       InitToolMenuHooks
 0001:00059430       InitToolMenuKeyHooks
 0001:000034C4       InitUnits
 0001:000789CC       InitWndProc
 0002:00000F78       InnerStyles
 0002:00001788       InnerStyles
 0002:00002048       Input
 0001:0006B108       InsertBefore
 0001:0007E458       InsertBefore
 0001:00001044       InsertFree
 0001:00073FC8       InsertHotkeyFarEastFormat
 0001:0000703C       InsertMediumBlockIntoBin
 0001:00006464       InsertMenu
 0001:0000646C       InsertMenuItem
 0001:00008EC0       InstallMemoryManager
 0002:00004AA4       InstBlockList
 0002:00004AA8       InstFreeList
 0001:00015C2C       Int64Compare
 0001:00015C18       IntCompare
 0002:00004A7C       IntConstList
 0001:00000314       InterlockedDecrement
 0001:0000F418       InterlockedDecrement
 0001:00005D1C       InterlockedExchange
 0001:0000F424       InterlockedExchange
 0001:0000F42C       InterlockedExchangeAdd
 0001:0000030C       InterlockedIncrement
 0001:0000F40C       InterlockedIncrement
 0001:0002E8D0       InternalDeletePalette
 0001:00002224       InternalFlush
 0001:00000E84       InternalFreeMem
 0001:000318F4       InternalGetDIB
 0001:00031888       InternalGetDIBSizes
 0001:00006E60       InternalIsValidClass
 0001:0001A830       InternalReadComponentRes
 0002:00004D4C       InternalServices
 0001:00003CC0       InternalUniqueString
 0001:0000607C       IntersectClipRect
 0001:00005A60       IntersectRect
 0001:00006474       IntersectRect
 0001:0002B480       IntToBin
 0001:0000A5B8       IntToHex
 0001:0000A5E0       IntToHex
 0001:0001A730       IntToIdent
 0001:0000A590       IntToStr
 0001:0000A4A4       IntToStr
 0001:0000647C       InvalidateRect
 0001:000308F4       InvalidBitmap
 0001:00007C44       InvalidFreeMem
 0001:00007BB0       InvalidGetMem
 0001:000308DC       InvalidGraphic
 0001:00030900       InvalidIcon
 0002:000007C0       InvalidMemoryManager
 0001:0003090C       InvalidMetafile
 0001:000308C4       InvalidOperation
 0001:00019818       InvalidPoint
 0001:00019804       InvalidPoint
 0002:000049B8       InvalidPointer
 0001:00007CD0       InvalidReallocMem
 0001:00002AAC       InvokeImplGetter
 0001:00001FB0       IOResult
 0002:00001688       IOwnerDraw
 0002:00001670       IRadios
 0002:00001680       IRTL
 0001:000640BC       IsAccel
 0001:000751A8       IsAccelChar
 0002:00004C44       IsAppThemed
 0001:00028DC0       IsBadPointer
 0001:000794E0       IsBeforeTargetWindow
 0001:00006484       IsChild
 0002:00002044       IsConsole
 0001:0002241C       IsDefault
 0001:00022298       IsDefaultFloatProp
 0001:000222F4       IsDefaultInt64Prop
 0001:000225C0       IsDefaultInterfaceProp
 0001:0002269C       IsDefaultMethodProp
 0001:00022474       IsDefaultObjectProp
 0001:00022240       IsDefaultOrdProp
 0001:000227AC       IsDefaultPropertyValue
 0001:0002234C       IsDefaultStrProp
 0001:000224F4       IsDefaultValue
 0001:00022714       IsDefaultVariantProp
 0001:0007993C       IsDelphiHandle
 0001:0000648C       IsDialogMessage
 0001:0008C250       IsDirectory
 0002:00001678       ISeparators
 0001:00006494       IsIconic
 0001:00075204       IsInitialChar
 0001:0000BD10       IsLeapYear
 0002:00002034       IsLibrary
 0002:00004899       IsMemoryManagerOwner
 0001:00001E20       IsMemoryManagerSet
 0001:00059838       IsMenuBar
 0002:00002045       IsMultiThread
 0001:000841E4       IsOrientationSet
 0001:0000EA28       IsPathDelimiter
 0001:0000649C       IsRectEmpty
 0001:00005AC0       IsRectEmpty
 0001:000261FC       IsRelative
 0001:000796E4       IsSiteChildOfClient
 0001:00017174       IsStoredProp
 0001:00028EC0       IsTestMethod
 0002:00004C40       IsThemeActive
 0002:00004BE8       IsThemeBackgroundPartiallyTransparent
 0002:00004C50       IsThemeDialogTextureEnabled
 0002:00004BE4       IsThemePartDefined
 0001:00058A14       IsToolButtonMouseMsg
 0001:0001A80C       IsUniqueGlobalComponentName
 0002:00004A70       IsUniqueGlobalComponentNameProc
 0001:0000A3F4       IsValidIdent
 0001:00006DE4       IsValidVMTAddress
 0001:0000ED9C       IsWesternGroup
 0001:000064A4       IsWindow
 0001:000064AC       IsWindowEnabled
 0001:000064B4       IsWindowVisible
 0001:000064BC       IsZoomed
 0001:00070F88       Iterate
 0001:00070FE8       IterateMenus
 0002:0000002C       JITEnable
 0001:00064050       KeyboardStateToShiftState
 0001:0006409C       KeyboardStateToShiftState
 0001:00064014       KeyDataToShiftState
 0001:00063FC0       KeysToShiftState
 0001:000064C4       KillTimer
 0002:0000486C       LargeBlocksCircularList
 0002:00004868       LargeBlocksLocked
 0001:0000AAC0       LastDelimiter
 0002:00004D2C       LastMenuItem
 0002:00004D30       LastMousePos
 0002:000027DC       LastSequentiallyFedMediumBlock
 0001:0000ECC8       LCIDToCodePage
 0001:00005760       LCIDToCodePage
 0002:00000820       LeadBytes
 0001:00005E34       LeaveCriticalSection
 0001:00000380       LeaveCriticalSection
 0002:00000034       LibModuleList
 0002:00001208       LineStyles
 0001:00006084       LineTo
 0001:00040700       ListActns
 0001:0007A4CC       ListAdd
 0001:0003F90C       ListItemsCompare
 0001:0007A4F4       ListRemove
 0002:0000496E       ListSeparator
 0002:00001358       ListStyles
 0001:00037244       ListView_Arrange
 0001:000372F0       ListView_CreateDragImage
 0001:00037194       ListView_DeleteAllItems
 0001:0003729C       ListView_DeleteColumn
 0001:0003717C       ListView_DeleteItem
 0001:000371CC       ListView_FindItem
 0001:000373C4       ListView_GetCheckState
 0001:000374C0       ListView_GetColumnOrderArray
 0001:000372B4       ListView_GetColumnWidth
 0001:0003725C       ListView_GetEditControl
 0001:00037508       ListView_GetHoverTime
 0001:00037134       ListView_GetItem
 0001:00037120       ListView_GetItemCount
 0001:000371DC       ListView_GetItemRect
 0001:000373B4       ListView_GetItemState
 0001:000371A8       ListView_GetNextItem
 0001:0003734C       ListView_GetOrigin
 0001:0003747C       ListView_GetSelectedCount
 0001:0003733C       ListView_GetTopIndex
 0001:00037218       ListView_HitTest
 0001:0003728C       ListView_InsertColumn
 0001:00037164       ListView_InsertItem
 0001:00037228       ListView_RedrawItems
 0001:000370EC       ListView_SetBkColor
 0001:000373E4       ListView_SetCheckState
 0001:00037270       ListView_SetColumn
 0001:000374A4       ListView_SetColumnOrderArray
 0001:000372CC       ListView_SetColumnWidth
 0001:0003748C       ListView_SetExtendedListViewStyle
 0001:000374F8       ListView_SetHoverTime
 0001:00037104       ListView_SetImageList
 0001:0003714C       ListView_SetItem
 0001:00037440       ListView_SetItemCount
 0001:00037450       ListView_SetItemCountEx
 0001:00037384       ListView_SetItemState
 0001:00037410       ListView_SetItemText
 0001:00037324       ListView_SetTextBkColor
 0001:0003730C       ListView_SetTextColor
 0001:000374DC       ListView_SetWorkAreas
 0001:00037460       ListView_SortItems
 0001:00037364       ListView_Update
 0001:000064CC       LoadBitmap
 0001:000064D4       LoadCursor
 0001:000064DC       LoadIcon
 0001:000064E4       LoadKeyboardLayout
 0001:00005E3C       LoadLibrary
 0001:000002A4       LoadLibraryEx
 0001:00005E44       LoadResource
 0001:00004E18       LoadResourceModule
 0001:00005708       LoadResString
 0001:000002AC       LoadString
 0001:000064EC       LoadString
 0001:00005904       LocalAlloc
 0001:00000350       LocalAlloc
 0001:00000358       LocalFree
 0001:0000D654       LocalGetLocaleStr
 0002:00004C78       Lock
 0001:000069DC       LockCmpxchg
 0001:000071B4       LockLargeBlocks
 0001:00006FC4       LockMediumBlocks
 0001:00005E4C       LockResource
 0002:000048B0       LongDateFormat
 0002:00004944       LongDayNames
 0002:000048F8       LongMonthNames
 0002:000048C4       LongTimeFormat
 0001:0000A008       LowerCase
 0001:00005EEC       lstrcmp
 0001:00005EF4       lstrcpy
 0001:000002B4       lstrcpyn
 0002:00004A44       LVarTypes
 0002:00004A48       LVarTypeSync
 0002:0000202C       MainInstance
 0002:00002030       MainThreadID
 0001:00000414       MakeEmpty
 0001:000035E4       MakeErrorMessage
 0002:000017D4       MakeLast
 0001:000066BC       MakeLong
 0001:00006760       MakeLParam
 0001:00063F9C       MakeObjectInstance
 0001:00024CE0       MakeObjectInstance
 0001:00006720       MakeROP4
 0001:00006758       MakeWParam
 0001:0000E128       MapException
 0001:0003EA64       Mapi
 0002:000011D4       MAPIDLL
 0002:000011D8       MAPIModule
 0001:000032CC       MapToRunError
 0001:000064F4       MapVirtualKey
 0001:000064FC       MapWindowPoints
 0002:000015C4       Mask
 0001:0000608C       MaskBlt
 0001:0002D6C0       Math
 0001:0002D688       Max
 0001:0006698C       MaximizedChildren
 0002:000027E8       MediumBlockBinBitmaps
 0002:000027E4       MediumBlockBinGroupBitmap
 0002:00002868       MediumBlockBins
 0002:000027C8       MediumBlockPoolsCircularList
 0002:000027D8       MediumBlocksLocked
 0002:000027E0       MediumSequentialFeedBytesLeft
 0002:0000003C       MemoryManager
 0002:00004D28       MenuButtonIndex
 0002:000015E0       MenuKeyCaps
 0001:00076224       Menus
 0002:00004D20       MenuToolBar
 0002:00004D24       MenuToolBar2
 0001:000004AC       MergeBlockAfter
 0001:00001188       MergeCommit
 0001:00006504       MessageBox
 0001:0000024C       MessageBox
 0001:0000650C       MessageBoxA
 0001:0000FED4       Messages
 0001:0008CA30       MifareTstTest
 0001:0001BB9C       Min
 0001:0002D680       Min
 0001:0007DDA0       MinVar
 0002:00004B50       MMAvailable
 0002:000017EC       ModeMap
 0001:0006868C       ModifySystemMenu
 0001:0003AF34       ModifySystemMenu
 0002:000000A4       Module
 0002:0000265D       ModuleIsCpp
 0002:0000265C       ModuleIsLib
 0001:00024CB0       ModuleUnload
 0002:00000038       ModuleUnloadList
 0002:00001570       MonitorDefaultFlags
 0002:00004B2C       MonitorFromPoint
 0002:00004B28       MonitorFromRect
 0002:00004B24       MonitorFromWindow
 0002:000007F0       MonthDays
 0002:00004DAC       Mouse
 0001:00001FD0       Move
 0001:00006A80       Move12
 0001:00006A94       Move20
 0001:00006AB4       Move28
 0001:00006AE0       Move36
 0001:00006A78       Move4
 0001:00006B00       Move44
 0001:00006B24       Move52
 0001:00006B50       Move60
 0001:00006B80       Move68
 0001:00006094       MoveToEx
 0001:0007A514       MoveWindowOrg
 0001:00006BB8       MoveX16LP
 0001:00006BE8       MoveX8LP
 0001:00005E54       MulDiv
 0001:000002C4       MultiByteToWideChar
 0001:0006DD14       MultiLineWidth
 0001:00036CC8       MultiMon
 0002:00001298       MultiSelections
 0001:00006C2C       NativeUIntToStrBuf
 0002:000048A5       NegCurrFormat
 0001:00001214       NewCommit
 0001:00001240       NewCommitAt
 0002:0000488C       NewMemoryManager
 0002:00004DB0       NewStyleControls
 0001:0000E9EC       NextCharIndex
 0001:00006F4C       NextMediumBlock
 0001:000841C8       NextVisibleZone
 0002:00000B98       NilMethod
 0001:0004C3DC       NodeInList
 0002:00000030       NoErrMsg
 0001:00071D9C       NormalDraw
 0001:00002E84       NotifyAnyExcept
 0001:0001C028       NotifyDesigner
 0001:00002E58       NotifyExcept
 0001:00002EB8       NotifyExceptFinally
 0001:0001A90C       NotifyGlobalLoading
 0001:00005154       NotifyModuleUnload
 0001:00002E34       NotifyNonDelphiException
 0001:00002E70       NotifyOnExcept
 0001:00002E18       NotifyReRaise
 0001:00002EE0       NotifyTerminate
 0001:00002EFC       NotifyUnhandled
 0001:00074B54       NthParentOf
 0001:00016C64       Null
 0002:00000A34       NullAsStringValue
 0001:00015B30       NullCompare
 0002:00000A28       NullEqualityRule
 0002:00000A2C       NullMagnitudeRule
 0002:00000A30       NullStrictConvert
 0001:000223DC       ObjectAncestorMatch
 0001:00078A84       ObjectFromHWnd
 0001:0008C0CC       ODS
 0002:00001448       OEMConverts
 0001:00006514       OemToAnsi
 0001:0000651C       OffsetRect
 0001:00005AD8       OffsetRect
 0002:00004880       OldMemoryManager
 0001:00006524       OpenClipboard
 0001:0003882C       OpenPrinter
 0002:00004BB0       OpenThemeData
 0002:000017CC       OrientArray
 0002:00000F84       OuterStyles
 0002:00001798       OuterStyles
 0002:000049B4       OutOfMemory
 0001:00030918       OutOfResources
 0002:00002214       Output
 0001:00005E5C       OutputDebugString
 0001:00022CA8       OwnedBy
 0002:00000A38       PackVarCreation
 0002:00001274       Painting
 0002:00000F34       Pal16
 0001:0002ECD8       PaletteChanged
 0001:00031110       PaletteFromDIBColorTable
 0001:000311B4       PaletteToDIBColorTable
 0002:00000F30       PalSize
 0001:00002174       ParamStr
 0001:000845AC       ParentNotLast
 0002:00001424       Passwords
 0001:0000609C       PatBlt
 0002:00004B1C       PatternManager
 0001:0000652C       PeekMessage
 0002:00004B10       PenManager
 0002:00000F00       PenModes
 0002:00000EE0       PenStyles
 0001:000060A4       PlayEnhMetaFile
 0001:00005A58       Point
 0001:0001978C       Point
 0001:00019BE0       PointerInModule
 0001:00028E58       PointerToAddressInfo
 0001:00028E40       PointerToLocationInfo
 0001:0007F63C       PointsEqual
 0001:00006740       PointToSmallPoint
 0001:000060AC       Polyline
 0002:00004D9C       PopupList
 0001:00006534       PostMessage
 0001:0000653C       PostQuitMessage
 0001:000397C0       Printer
 0001:0003981C       Printers
 0001:00069DA0       ProcessExecute
 0001:000642EC       ProcessHorz
 0001:00069EA0       ProcessUpdate
 0001:00064358       ProcessVert
 0001:0004C544       ProgressLimitError
 0001:0001EDA8       PropertyNotFound
 0001:00020010       PropPathError
 0002:000014B4       Props
 0001:0001ED9C       PropValueError
 0001:00006544       PtInRect
 0002:000000A0       PtrToNil
 0001:00028D84       PtrToStr
 0001:0000B47C       PutExponent
 0002:00004DF4       QualifyingSites
 0001:00005E64       QueryPerformanceCounter
 0001:00005E6C       QueryPerformanceFrequency
 0001:0000E0E4       RaiseAssertException
 0001:0003897C       RaiseError
 0001:0000021C       RaiseException
 0001:0001DD58       RaiseException
 0002:00002014       RaiseExceptionProc
 0001:0000F2AC       RaiseLastOSError
 0002:00000C60       rcs_id
 0002:00000C64       rcs_verion
 0001:00050DE8       ReadCols
 0001:0008531C       ReadControlName
 0001:00021250       ReadCustomVariant
 0001:0001ED84       ReadError
 0001:000261D0       ReadError
 0001:00005E74       ReadFile
 0001:00031468       ReadIcon
 0002:0000142C       ReadOnlys
 0001:00015C68       RealCompare
 0001:000060B4       RealizePalette
 0001:0000732C       ReallocateLargeBlock
 0001:0001F5C4       Recover
 0001:00005A3C       Rect
 0001:000197B4       Rect
 0001:000060C4       Rectangle
 0001:000060BC       RectVisible
 0001:0000654C       RedrawWindow
 0002:00004A3C       RefAnyProc
 0002:00004C74       ReferenceCount
 0001:00005C3C       RegCloseKey
 0001:000002CC       RegCloseKey
 0001:00005C44       RegCreateKeyEx
 0001:00026210       RegDataToDataType
 0001:00005C4C       RegDeleteKey
 0001:00005C54       RegDeleteValue
 0001:00005C5C       RegEnumKeyEx
 0001:00005C64       RegEnumValue
 0001:00005C6C       RegFlushKey
 0002:00004A80       RegGroups
 0001:0001A384       RegisterClass
 0001:00006554       RegisterClass
 0001:0000655C       RegisterClipboardFormat
 0001:00079884       RegisterDockSite
 0001:0002D5EC       RegisteredTests
 0001:0001A774       RegisterFindGlobalComponentProc
 0001:0001A5CC       RegisterIntegerConsts
 0001:000051B0       RegisterModule
 0001:0002D578       RegisterTest
 0001:0002D238       RegisterTestInSuite
 0001:00037BE0       RegisterViewer
 0001:00006564       RegisterWindowMessage
 0001:00027F3C       Registry
 0001:000002D4       RegOpenKeyEx
 0001:00005C74       RegOpenKeyEx
 0001:00005C7C       RegQueryInfoKey
 0001:000002DC       RegQueryValueEx
 0001:00005C84       RegQueryValueEx
 0001:00005C8C       RegSetValueEx
 0001:0003B218       RegStr
 0001:0000656C       ReleaseCapture
 0001:00006574       ReleaseDC
 0001:00059368       ReleaseToolMenuHooks
 0001:00059454       ReleaseToolMenuKeyHooks
 0002:00000048       reMap
 0002:00002614       remBytes
 0001:00000534       RemoveBlock
 0002:00000B74       RemoveDataModule
 0001:0001EC54       RemoveFixupReferences
 0001:0001ED00       RemoveFixups
 0001:0001EFF8       RemoveGlobalFixup
 0001:00006FFC       RemoveMediumFreeBlock
 0001:0000657C       RemoveMenu
 0001:000050A4       RemoveModuleUnloadProc
 0001:000050CC       RemoveModuleUnloadProc
 0001:00006584       RemoveProp
 0001:00005E7C       ResetEvent
 0001:00023A88       ResetSyncEvent
 0001:00001778       ResizeInPlace
 0001:000060CC       RestoreDC
 0001:00063C30       RestoreFocusState
 0001:0001CB48       ReturnAddr
 0001:0001AD5C       ReturnAddr
 0001:00070B5C       ReturnAddr
 0001:00030E94       RGBQuadToTriple
 0001:00030E4C       RGBTripleToQuad
 0001:0003A6D4       RichEdit
 0002:00004DC4       RM_GetObjectInstance
 0002:00004D7C       RM_TaskbarCreated
 0002:00001210       RootStyles
 0002:00002610       rover
 0002:00001258       RowSelectStyles
 0002:000011DC       RTFConversionFormat
 0001:00016EE8       RTLConsts
 0002:00001238       RTLStyles
 0001:00000224       RtlUnwind
 0002:00002018       RTLUnwindProc
 0002:0000006C       runErrMsg
 0001:00001ED8       RunErrorAt
 0001:00008F78       RunInitializationCode
 0001:00010340       SafeArrayCreate
 0001:00010348       SafeArrayGetLBound
 0001:00010350       SafeArrayGetUBound
 0001:00010358       SafeArrayPtrOfIndex
 0001:0000F950       SafeLoadLibrary
 0001:0000A0FC       SameText
 0001:000060D4       SaveDC
 0001:00063C20       SaveFocusState
 0001:0000CC0C       ScanBlanks
 0001:0000CD50       ScanChar
 0001:0000CECC       ScanDate
 0001:0000CC30       ScanNumber
 0001:0000CCC4       ScanString
 0001:0000D210       ScanTime
 0001:0000CDD4       ScanToNumber
 0002:00004D74       Screen
 0002:00004AC8       ScreenLogPixels
 0001:0000658C       ScreenToClient
 0002:0000146C       ScrollBar
 0001:000644A4       ScrollBarVisible
 0001:00006594       ScrollWindow
 0001:00001274       SearchSmallBlocks
 0001:000060DC       SelectObject
 0001:000060E4       SelectPalette
 0001:00078B14       SendAppMessage
 0001:00058AC8       SendDropdownMsg
 0001:00063EB0       SendFocusMessage
 0001:0000659C       SendMessage
 0002:00001644       Separators
 0001:000021E4       Set8087CW
 0001:000060EC       SetAbortProc
 0001:000065A4       SetActiveWindow
 0001:0006B824       SetAnimation
 0001:000060F4       SetBkColor
 0001:000060FC       SetBkMode
 0001:00006104       SetBrushOrgEx
 0001:000065AC       SetCapture
 0001:00078DA8       SetCaptureControl
 0001:000065B4       SetClassLong
 0001:0001677C       SetClearVarToEmptyParam
 0001:000065BC       SetClipboardData
 0001:00047860       SetComCtlStyle
 0001:0001F734       SetCompName
 0001:000065C4       SetCursor
 0001:0000610C       SetDIBColorTable
 0001:00005E84       SetEndOfFile
 0001:00006114       SetEnhMetaFileBits
 0001:00005E8C       SetErrorMode
 0001:00005E94       SetEvent
 0001:0000340C       SetExceptionHandler
 0001:00005E9C       SetFilePointer
 0001:000177EC       SetFloatProp
 0001:000065CC       SetFocus
 0001:000065D4       SetForegroundWindow
 0001:00087048       SetImeMode
 0001:00001F5C       SetInOutRes
 0001:00017B18       SetInt64Prop
 0001:00017BD4       SetInterfaceProp
 0001:000202F0       SetInterfaceReference
 0001:0002020C       SetIntIdent
 0002:00001488       SetLayeredWindowAttributes
 0001:000173BC       SetLongStrProp
 0001:0000611C       SetMapMode
 0001:00001E04       SetMemoryManager
 0001:000065DC       SetMenu
 0001:000065E4       SetMenuItemInfo
 0001:00017AB8       SetMethodProp
 0001:00020254       SetObjectIdent
 0001:00017218       SetOrdProp
 0001:000065EC       SetParent
 0001:00006124       SetPixel
 0001:000065F4       SetProp
 0001:000065FC       SetRect
 0001:0000612C       SetROP2
 0001:00006604       SetScrollInfo
 0001:0000660C       SetScrollPos
 0001:00006614       SetScrollRange
 0001:000172B8       SetShortStrProp
 0001:00017334       SetShortStrPropAsLongStr
 0001:00006134       SetStretchBltMode
 0001:000174EC       SetStrProp
 0001:0001F53C       SetSubComponentState
 0001:0000613C       SetTextColor
 0002:00004C58       SetThemeAppProperties
 0001:00005EA4       SetThreadLocale
 0001:0000661C       SetTimer
 0001:00016764       SetVarAsError
 0001:00017A38       SetVariantProp
 0001:00020294       SetVariantReference
 0001:00006144       SetViewportOrgEx
 0001:0006D818       SetVisible
 0001:00017600       SetWideStrProp
 0001:00017454       SetWideStrPropAsLongStr
 0001:00006624       SetWindowLong
 0001:00006154       SetWindowOrgEx
 0001:0000662C       SetWindowPlacement
 0001:00006634       SetWindowPos
 0001:00006644       SetWindowsHookEx
 0001:0000663C       SetWindowText
 0002:00004C1C       SetWindowTheme
 0001:0000614C       SetWinMetaFileBits
 0002:0000085C       ShareMode
 0001:0003B1E0       ShellAPI
 0002:00004D10       ShellModule
 0001:0003B2F4       ShlObj
 0001:00070B84       ShortCut
 0002:00004DA0       ShortCutItems
 0001:00070C10       ShortCutToText
 0002:000048AC       ShortDateFormat
 0002:00004928       ShortDayNames
 0002:000048C8       ShortMonthNames
 0002:000048C0       ShortTimeFormat
 0002:000012D0       ShowColumns
 0002:00001500       ShowCommands
 0002:000014E8       ShowCommands
 0002:000014F4       ShowCommands
 0001:0000664C       ShowCursor
 0001:0000DCE4       ShowException
 0002:00001780       ShowFlags
 0002:000015A8       ShowFlags
 0002:0000489A       ShowingMessageBox
 0001:00063C38       ShowMDIClientEdge
 0001:00006DB4       ShowMessageBox
 0001:00006654       ShowOwnedPopups
 0001:0000665C       ShowScrollBar
 0001:00006664       ShowWindow
 0001:0006B84C       ShowWinNoAnimate
 0001:000865B4       ShowZone
 0001:0004C40C       SiblingNotInList
 0002:000017E0       SizeCursors
 0001:00005EAC       SizeofResource
 0001:00020D84       SkipBinary
 0001:00020DB4       SkipCollection
 0001:00020D5C       SkipList
 0001:00005EB4       Sleep
 0001:0000F2A4       Sleep
 0002:000000C0       SmallBlockTypes
 0001:000197A4       SmallPoint
[...]
  1656 0001:0002C750  1657 0001:0002C75C  1658 0001:0002C76A  1663 0001:0002C770
  1664 0001:0002C78C  1665 0001:0002C79B  1669 0001:0002C7A9  1671 0001:0002C7CF
  1673 0001:0002C7FC  1683 0001:0002C800  1686 0001:0002C831  1688 0001:0002C83E
  1689 0001:0002C896  1692 0001:0002C89C  1693 0001:0002C8CE  1694 0001:0002C8F7
  1695 0001:0002C93D  1708 0001:0002C944  1711 0001:0002C966  1712 0001:0002C991
  1715 0001:0002C998  1716 0001:0002C9BA  1717 0001:0002C9E5  1725 0001:0002C9EC
  1728 0001:0002CA0E  1729 0001:0002CA13  1730 0001:0002CA21  1732 0001:0002CA33
  1734 0001:0002CA4B  1735 0001:0002CA59  1736 0001:0002CA8B  1732 0001:0002CA8E
  1738 0001:0002CAA0  1740 0001:0002CAD5  1747 0001:0002CAEC  1750 0001:0002CB0C
  1751 0001:0002CB11  1753 0001:0002CB2C  1754 0001:0002CB4D  1755 0001:0002CB58
  1751 0001:0002CB5B  1756 0001:0002CB60  1757 0001:0002CB8E  1764 0001:0002CBA4
  1767 0001:0002CBC4  1768 0001:0002CBC9  1770 0001:0002CBD5  1772 0001:0002CBF0
  1773 0001:0002CC11  1774 0001:0002CC1C  1770 0001:0002CC1F  1776 0001:0002CC24
  1777 0001:0002CC52  1783 0001:0002CC68  1787 0001:0002CC8B  1788 0001:0002CC9D
  1790 0001:0002CCB8  1792 0001:0002CCC4  1793 0001:0002CCE5  1794 0001:0002CCF0
  1788 0001:0002CCF3  1795 0001:0002CCF8  1796 0001:0002CD2F  1799 0001:0002CD44
  1800 0001:0002CD50  1801 0001:0002CD5E  1807 0001:0002CD64  1808 0001:0002CD93
  1809 0001:0002CDA1  1810 0001:0002CDAC  1811 0001:0002CDC4  1810 0001:0002CE18
  1812 0001:0002CE57  1818 0001:0002CE78  1819 0001:0002CEA7  1820 0001:0002CEB5
  1821 0001:0002CEC0  1822 0001:0002CED8  1821 0001:0002CF2C  1823 0001:0002CF6B
  1834 0001:0002CF8C  1835 0001:0002CFBD  1836 0001:0002D002  1846 0001:0002D008
  1847 0001:0002D039  1848 0001:0002D07E  1862 0001:0002D084  1863 0001:0002D0B3
  1864 0001:0002D0BD  1869 0001:0002D0C7  1870 0001:0002D0CA  1871 0001:0002D0CD
  1873 0001:0002D0D0  1875 0001:0002D0DA  1876 0001:0002D0E3  1879 0001:0002D0FB
  1882 0001:0002D102  1880 0001:0002D105  1884 0001:0002D136  1886 0001:0002D146
  1887 0001:0002D16C  1889 0001:0002D180  1890 0001:0002D18F  1876 0001:0002D192
  1892 0001:0002D19B  1864 0001:0002D1A6  1894 0001:0002D1E8  1897 0001:0002D1F0
  1898 0001:0002D1F9  1899 0001:0002D20A  1902 0001:0002D210  1903 0001:0002D21F
  1904 0001:0002D233  1928 0001:0002D238  1929 0001:0002D27C  1932 0001:0002D282
  1937 0001:0002D292  1938 0001:0002D2A2  1939 0001:0002D2B8  1940 0001:0002D2CE
  1942 0001:0002D2D4  1943 0001:0002D2E9  1947 0001:0002D308  1948 0001:0002D313
  1950 0001:0002D31B  1953 0001:0002D326  1954 0001:0002D32E  1955 0001:0002D339
  1957 0001:0002D351  1958 0001:0002D36F  1959 0001:0002D385  1961 0001:0002D38B
  1963 0001:0002D3A3  1964 0001:0002D3AE  1967 0001:0002D3B0  1955 0001:0002D3B3
  1969 0001:0002D3B8  1971 0001:0002D3BE  1972 0001:0002D3DE  1975 0001:0002D3E9
  1977 0001:0002D464  1982 0001:0002D4B0  1983 0001:0002D4C7  1984 0001:0002D4D4
  1985 0001:0002D4F1  1986 0001:0002D519  1987 0001:0002D52F  1988 0001:0002D573
  1991 0001:0002D578  1993 0001:0002D5A2  1994 0001:0002D5B0  1995 0001:0002D5E5
  2017 0001:0002D5EC  2018 0001:0002D5F3  2019 0001:0002D601  2038 0001:0002D604
  2039 0001:0002D607  2040 0001:0002D611  2047 0001:0002D614  2048 0001:0002D66F
  2042 0001:0002D674  2046 0001:0002D67E

Line numbers for GUITestRunner(GUITestRunner.pas) segment .text

   379 0001:0008862C   380 0001:00088634   381 0001:00088642   382 0001:00088653
   383 0001:0008865B   384 0001:0008866A   386 0001:0008867E   387 0001:00088690
   388 0001:000886B4   393 0001:000886B8   396 0001:000886DB   398 0001:000886E4
   399 0001:00088725   405 0001:0008873C   408 0001:0008876A   409 0001:0008876F
   410 0001:00088786   412 0001:0008878C   414 0001:000887C2   415 0001:000887C8
   417 0001:000887CA   410 0001:000887D5   421 0001:000887DB   422 0001:00088819
   425 0001:00088830   426 0001:00088857   427 0001:00088863   429 0001:00088870
   430 0001:000888BF   435 0001:000888D4   438 0001:000888F6   440 0001:00088904
   441 0001:00088914   443 0001:00088923   444 0001:0008892E   446 0001:0008893F
   447 0001:00088947   448 0001:0008896C   451 0001:00088970   452 0001:00088992
   453 0001:000889B7   456 0001:000889BC   457 0001:000889C3   458 0001:000889CB
   459 0001:000889DE   460 0001:000889EC   463 0001:000889F0   465 0001:00088A12
   466 0001:00088A49   471 0001:00088A50   472 0001:00088A6F   473 0001:00088A7D
   474 0001:00088A8C   475 0001:00088A9F   477 0001:00088AAD   478 0001:00088AD1
   479 0001:00088AF6   484 0001:00088AFC   485 0001:00088B1B   486 0001:00088B29
   487 0001:00088B38   489 0001:00088B4A   490 0001:00088B5D   492 0001:00088B6B
   493 0001:00088B8F   494 0001:00088BB4   499 0001:00088BB8   500 0001:00088BDA
   501 0001:00088C26   504 0001:00088C40   505 0001:00088C5D   506 0001:00088C76
   507 0001:00088C84   513 0001:00088CF9   514 0001:00088D11   516 0001:00088D28
   518 0001:00088D55   521 0001:00088DCC   522 0001:00088DE9   523 0001:00088E02
   524 0001:00088E10   526 0001:00088E2F   528 0001:00088E3B   529 0001:00088E54
   530 0001:00088E6D   531 0001:00088E86   534 0001:00088E9F   536 0001:00088ECC
   538 0001:00088EF9   543 0001:00088F84   544 0001:00088FA4   545 0001:00088FAC
   546 0001:00088FB4   547 0001:00088FBC   548 0001:00088FD5   549 0001:00088FE3
   550 0001:00088FEF   553 0001:00089012   554 0001:0008901E   557 0001:00089041
   558 0001:0008904D   559 0001:00089070   560 0001:0008907C   562 0001:0008909F
   563 0001:000890B9   566 0001:000890D3   567 0001:000890DF   569 0001:000890FD
   573 0001:00089165   567 0001:00089168   577 0001:0008916D   579 0001:0008919C
   582 0001:000891CB   585 0001:00089207   588 0001:00089217   589 0001:00089223
   590 0001:0008924D   593 0001:00089354   594 0001:0008935B   595 0001:0008936A
   596 0001:00089372   601 0001:00089378   602 0001:0008939B   603 0001:000893A7
   605 0001:000893CF   606 0001:000893D7   608 0001:000893DF   609 0001:000893F8
   611 0001:00089406   615 0001:00089425   617 0001:00089444   621 0001:00089463
   622 0001:0008946F   624 0001:0008948D   627 0001:000894D1   622 0001:000894D4
   631 0001:000894D9   632 0001:000894F8   633 0001:00089517   635 0001:00089543
   637 0001:00089575   640 0001:00089668   641 0001:00089674   646 0001:00089678
   648 0001:00089697   651 0001:000896A5   653 0001:000896B0   655 0001:000896BC
   656 0001:000896C7   658 0001:000896CD   659 0001:000896D8   656 0001:000896E3
   662 0001:00089706   667 0001:0008970C   671 0001:00089735   673 0001:0008974E
   674 0001:00089754   678 0001:0008975C   679 0001:00089767   681 0001:00089781
   682 0001:00089799   683 0001:0008979F   676 0001:000897AA   687 0001:000897B6
   688 0001:000897CA   689 0001:000897D8   691 0001:000897F0   693 0001:00089834
   696 0001:0008983C   699 0001:0008985B   700 0001:0008989E   705 0001:000898A4
   706 0001:000898AD   708 0001:000898C9   709 0001:000898DD   710 0001:000898EB
   711 0001:00089902   713 0001:00089908   714 0001:00089913   711 0001:0008991E
   717 0001:00089931   720 0001:0008994D   729 0001:00089954   730 0001:0008995D
   731 0001:00089972   732 0001:0008998A   733 0001:0008999F   734 0001:000899B7
   735 0001:000899CC   736 0001:000899E4   737 0001:000899EA   738 0001:00089A28
   739 0001:00089A50   740 0001:00089A72   741 0001:00089A7E   743 0001:00089ABB
   744 0001:00089ADD   746 0001:00089AED   748 0001:00089B06   749 0001:00089B2F
   750 0001:00089B58   751 0001:00089B81   753 0001:00089BAD   755 0001:00089BB9
   756 0001:00089BE7   759 0001:00089C05   760 0001:00089C17   762 0001:00089C2F
   766 0001:00089C7E   768 0001:00089C97   769 0001:00089C9E   768 0001:00089CB1
   770 0001:00089CB7   773 0001:00089CEB   775 0001:00089CF3   776 0001:00089D07
   779 0001:00089D22   781 0001:00089D3E   782 0001:00089D73   785 0001:00089D94
   786 0001:00089D9B   787 0001:00089DAB   788 0001:00089DB9   789 0001:00089DC9
   790 0001:00089DD9   791 0001:00089DE9   797 0001:00089DEC   799 0001:00089E10
   800 0001:00089E27   801 0001:00089E46   802 0001:00089E66   803 0001:00089E7F
   804 0001:00089E98   808 0001:00089ED4   810 0001:00089EED   811 0001:00089F05
   813 0001:00089F0B   814 0001:00089F15   811 0001:00089F20   817 0001:00089F26
   818 0001:00089F71   825 0001:00089F84   826 0001:00089FB8   829 0001:00089FC2
   831 0001:00089FEA   832 0001:00089FFE   834 0001:0008A009   835 0001:0008A014
   837 0001:0008A02C   838 0001:0008A058   835 0001:0008A05B   839 0001:0008A09D
   842 0001:0008A0B4   843 0001:0008A0D6   844 0001:0008A0EA   845 0001:0008A0F8
   846 0001:0008A128   849 0001:0008A12C   850 0001:0008A13B   852 0001:0008A141
   854 0001:0008A14C   855 0001:0008A157   857 0001:0008A162   858 0001:0008A168
   860 0001:0008A16F   850 0001:0008A17A   862 0001:0008A180   865 0001:0008A184
   866 0001:0008A1A6   867 0001:0008A1B6   868 0001:0008A1BE   869 0001:0008A1D3
   870 0001:0008A207   877 0001:0008A20C   878 0001:0008A230   879 0001:0008A244
   880 0001:0008A25F   881 0001:0008A266   882 0001:0008A26F   883 0001:0008A276
   885 0001:0008A282   886 0001:0008A28D   887 0001:0008A2A8   888 0001:0008A2BC
   890 0001:0008A2DA   891 0001:0008A2EB   892 0001:0008A2FF   894 0001:0008A31A
   895 0001:0008A32A   896 0001:0008A33D   897 0001:0008A351   899 0001:0008A37F
   901 0001:0008A39C   902 0001:0008A3AF   903 0001:0008A3BF   904 0001:0008A3D2
   905 0001:0008A3E6   906 0001:0008A404   909 0001:0008A41F   910 0001:0008A42A
   912 0001:0008A430   913 0001:0008A440   914 0001:0008A450   915 0001:0008A464
   916 0001:0008A477   917 0001:0008A48B   920 0001:0008A49C   922 0001:0008A4B5
   923 0001:0008A4C5   924 0001:0008A4D9   925 0001:0008A4EC   926 0001:0008A500
   929 0001:0008A550   932 0001:0008A5A4   933 0001:0008A5AB   934 0001:0008A5BC
   937 0001:0008A5C0   938 0001:0008A5C7   940 0001:0008A5D3   941 0001:0008A5E1
   942 0001:0008A5EC   944 0001:0008A5F4   950 0001:0008A5F8   951 0001:0008A615
   952 0001:0008A629   953 0001:0008A631   955 0001:0008A63C   957 0001:0008A655
   959 0001:0008A661   963 0001:0008A689   965 0001:0008A698   966 0001:0008A6AA
   967 0001:0008A6BC   968 0001:0008A6CE   971 0001:0008A6E0   973 0001:0008A6EC
   977 0001:0008A70C   979 0001:0008A71F   981 0001:0008A73D   983 0001:0008A761
   984 0001:0008A77B   985 0001:0008A785   986 0001:0008A78F   981 0001:0008A792
   987 0001:0008A797   988 0001:0008A7BC   991 0001:0008A7C4   992 0001:0008A7D0
   993 0001:0008A7E1   994 0001:0008A7F2   995 0001:0008A803   996 0001:0008A814
   997 0001:0008A825   998 0001:0008A836   999 0001:0008A847  1002 0001:0008A84C
  1004 0001:0008A858  1005 0001:0008A86D  1007 0001:0008A875  1008 0001:0008A87D
  1009 0001:0008A885  1010 0001:0008A88D  1011 0001:0008A8A1  1012 0001:0008A8AB
  1013 0001:0008A8B3  1014 0001:0008A8BB  1017 0001:0008A8C0  1018 0001:0008A8CC
  1019 0001:0008A8D4  1020 0001:0008A8DC  1021 0001:0008A8E6  1022 0001:0008A8F4
  1024 0001:0008A8FF  1027 0001:0008A904  1028 0001:0008A910  1031 0001:0008A91C
  1032 0001:0008A924  1033 0001:0008A93F  1038 0001:0008A944  1039 0001:0008A953
  1041 0001:0008A974  1042 0001:0008A984  1044 0001:0008A9A8  1046 0001:0008A9C7
  1047 0001:0008A9EE  1049 0001:0008A9F0  1042 0001:0008A9F3  1050 0001:0008A9F8
  1052 0001:0008AA00  1055 0001:0008AA04  1056 0001:0008AA10  1058 0001:0008AA22
  1060 0001:0008AA41  1063 0001:0008AA48  1064 0001:0008AA57  1065 0001:0008AA5D
  1067 0001:0008AA67  1068 0001:0008AA72  1071 0001:0008AA78  1072 0001:0008AA9A
  1073 0001:0008AAA4  1074 0001:0008AAC8  1077 0001:0008AACC  1078 0001:0008AAEE
  1079 0001:0008AAF8  1080 0001:0008AB1C  1088 0001:0008AB20  1089 0001:0008AB3D
  1091 0001:0008AB43  1092 0001:0008AB54  1094 0001:0008AB66  1095 0001:0008AB71
  1097 0001:0008AB77  1098 0001:0008AB84  1095 0001:0008AB8F  1102 0001:0008ABB2
  1103 0001:0008ABB8  1104 0001:0008ABC4  1105 0001:0008ABD8  1106 0001:0008ABE6
  1108 0001:0008ABFD  1110 0001:0008AC19  1111 0001:0008AC21  1114 0001:0008AC28
  1115 0001:0008AC37  1117 0001:0008AC51  1118 0001:0008AC69  1119 0001:0008AC71
  1121 0001:0008AC77  1124 0001:0008AC7C  1125 0001:0008AC88  1126 0001:0008ACAF
  1127 0001:0008ACB7  1130 0001:0008ACBC  1131 0001:0008ACC8  1132 0001:0008ACEF
  1133 0001:0008ACF7  1139 0001:0008ACFC  1141 0001:0008AD08  1144 0001:0008AD31
  1146 0001:0008AD55  1147 0001:0008AD72  1148 0001:0008AD7F  1144 0001:0008AD82
  1149 0001:0008AD87  1150 0001:0008AD8F  1153 0001:0008AD94  1154 0001:0008ADA0
  1155 0001:0008ADA8  1158 0001:0008ADAC  1159 0001:0008ADB8  1160 0001:0008ADC0
  1163 0001:0008ADC4  1164 0001:0008ADD0  1166 0001:0008ADDC  1168 0001:0008ADED
  1169 0001:0008ADF5  1172 0001:0008ADFC  1173 0001:0008AE08  1175 0001:0008AE14
  1176 0001:0008AE25  1177 0001:0008AE39  1178 0001:0008AE4D  1181 0001:0008AE56
  1184 0001:0008AE73  1187 0001:0008AE78  1189 0001:0008AE84  1190 0001:0008AEA1
  1191 0001:0008AEAC  1194 0001:0008AEB0  1196 0001:0008AEBC  1197 0001:0008AED9
  1202 0001:0008AEE0  1203 0001:0008AEEC  1204 0001:0008AEF0  1206 0001:0008AEFC
  1207 0001:0008AF07  1209 0001:0008AF0D  1210 0001:0008AF1B  1207 0001:0008AF29
  1213 0001:0008AF32  1218 0001:0008AF38  1219 0001:0008AF44  1220 0001:0008AF53
  1222 0001:0008AF5D  1223 0001:0008AF68  1225 0001:0008AF6E  1226 0001:0008AF79
  1223 0001:0008AF87  1228 0001:0008AF8D  1233 0001:0008AF94  1235 0001:0008AFA0
  1238 0001:0008AFBC  1239 0001:0008AFD0  1240 0001:0008AFDE  1241 0001:0008AFF7
  1243 0001:0008AFFD  1244 0001:0008B007  1245 0001:0008B012  1248 0001:0008B02A
  1250 0001:0008B046  1253 0001:0008B04C  1254 0001:0008B058  1255 0001:0008B075
  1258 0001:0008B07C  1259 0001:0008B088  1260 0001:0008B096  1261 0001:0008B0A8
  1262 0001:0008B0C2  1263 0001:0008B0DA  1264 0001:0008B100  1267 0001:0008B104
  1268 0001:0008B126  1270 0001:0008B130  1273 0001:0008B13C  1274 0001:0008B14A
  1277 0001:0008B14F  1278 0001:0008B159  1279 0001:0008B167  1280 0001:0008B177
  1282 0001:0008B187  1284 0001:0008B197  1285 0001:0008B1A1  1286 0001:0008B1A9
  1287 0001:0008B1B1  1288 0001:0008B1C6  1289 0001:0008B1D4  1290 0001:0008B1EF
  1291 0001:0008B207  1293 0001:0008B225  1294 0001:0008B233  1297 0001:0008B253
  1298 0001:0008B25D  1300 0001:0008B28C  1303 0001:0008B290  1304 0001:0008B29C
  1307 0001:0008B2A8  1308 0001:0008B2B0  1309 0001:0008B2C1  1312 0001:0008B2C8
  1313 0001:0008B2D4  1314 0001:0008B2E0  1315 0001:0008B2EE  1316 0001:0008B2FB
  1317 0001:0008B303  1320 0001:0008B308  1321 0001:0008B314  1322 0001:0008B320
  1323 0001:0008B331  1326 0001:0008B338  1327 0001:0008B344  1328 0001:0008B350
  1329 0001:0008B361  1332 0001:0008B368  1333 0001:0008B36F  1334 0001:0008B386
  1335 0001:0008B39D  1336 0001:0008B3B4  1339 0001:0008B3B8  1340 0001:0008B3D5
  1341 0001:0008B3E1  1342 0001:0008B426  1345 0001:0008B42C  1346 0001:0008B438
  1347 0001:0008B440  1354 0001:0008B444  1355 0001:0008B44D  1356 0001:0008B456
  1359 0001:0008B476  1360 0001:0008B48E  1362 0001:0008B4A5  1364 0001:0008B4B1
  1366 0001:0008B4BC  1371 0001:0008B4C0  1372 0001:0008B4DF  1373 0001:0008B4ED
  1375 0001:0008B4F9  1377 0001:0008B508  1380 0001:0008B522  1384 0001:0008B531
  1386 0001:0008B55B  1389 0001:0008B560  1390 0001:0008B56C  1391 0001:0008B57A
  1392 0001:0008B588  1395 0001:0008B58C  1396 0001:0008B598  1397 0001:0008B5A4
  1398 0001:0008B5B5  1401 0001:0008B5BC  1402 0001:0008B5C8  1403 0001:0008B5D7
  1405 0001:0008B5EB  1406 0001:0008B600  1409 0001:0008B604  1410 0001:0008B621
  1411 0001:0008B63E  1412 0001:0008B64C  1415 0001:0008B688  1417 0001:0008B6B5
  1420 0001:0008B6F0  1421 0001:0008B710  1422 0001:0008B71F  1424 0001:0008B732
  1425 0001:0008B74F  1426 0001:0008B75D  1428 0001:0008B789  1430 0001:0008B7BB
  1433 0001:0008B7F4  1434 0001:0008B800  1435 0001:0008B83E  1438 0001:0008B844
  1439 0001:0008B850  1440 0001:0008B871  1443 0001:0008B878  1444 0001:0008B884
  1445 0001:0008B8A5  1446 0001:0008B8BF  1447 0001:0008B8C7  1450 0001:0008B8CC
  1451 0001:0008B8D8  1452 0001:0008B8F9  1453 0001:0008B901  1456 0001:0008B908
  1457 0001:0008B914  1458 0001:0008B920  1459 0001:0008B92E  1462 0001:0008B934
  1463 0001:0008B940  1464 0001:0008B96C  1467 0001:0008B970  1468 0001:0008B99B
  1469 0001:0008B9B3  1471 0001:0008B9E2  1473 0001:0008B9F9  1474 0001:0008BA2F
  1477 0001:0008BA40  1478 0001:0008BA47  1479 0001:0008BA5B  1483 0001:0008BA60
  1484 0001:0008BA6C  1485 0001:0008BA84  1488 0001:0008BA88  1489 0001:0008BA94
  1491 0001:0008BA9A  1493 0001:0008BAAA  1497 0001:0008BAB0  1498 0001:0008BACF
  1500 0001:0008BB40  1503 0001:0008BB44  1504 0001:0008BB50  1505 0001:0008BB62
  1507 0001:0008BB6C  1508 0001:0008BB87  1514 0001:0008BB8C  1515 0001:0008BBAB
  1516 0001:0008BBB9  1517 0001:0008BBC4  1519 0001:0008BBD9  1521 0001:0008BBEA
  1523 0001:0008BBF0  1524 0001:0008BBFE  1525 0001:0008BC1F  1521 0001:0008BC2A
  1527 0001:0008BC55  1530 0001:0008BC6C  1531 0001:0008BC78  1532 0001:0008BC80
  1533 0001:0008BC88  1534 0001:0008BC9B  1535 0001:0008BCAE  1539 0001:0008BCBF
  1540 0001:0008BCCD  1542 0001:0008BCD8  1547 0001:0008BCDC  1548 0001:0008BCFB
  1549 0001:0008BD06  1550 0001:0008BD48  1555 0001:0008BD4C  1556 0001:0008BD6E
  1557 0001:0008BD83  1560 0001:0008BD91  1561 0001:0008BD9C  1563 0001:0008BDB4
  1566 0001:0008BDE1  1574 0001:0008BDE8  1575 0001:0008BE27  1578 0001:0008BE2C
  1579 0001:0008BE6B  1585 0001:0008BE70  1601 0001:0008BE7F  1603 0001:0008BE9D
  1604 0001:0008BEB4  1605 0001:0008BEC7  1607 0001:0008BED8  1613 0001:0008BEE0
  1614 0001:0008BEEC  1616 0001:0008BEFE  1617 0001:0008BF14  1619 0001:0008BF1A
  1622 0001:0008BF29  1617 0001:0008BF34  1625 0001:0008BF3A  1630 0001:0008BF40
  1631 0001:0008BF5F  1632 0001:0008BF6D  1634 0001:0008BF85  1635 0001:0008BF89
  1638 0001:0008BF96  1639 0001:0008BFBA  1645 0001:0008BFC0  1646 0001:0008BFCC
  1648 0001:0008BFDE  1649 0001:0008BFF4  1651 0001:0008BFFA  1654 0001:0008C009
  1649 0001:0008C014  1657 0001:0008C01A  1660 0001:0008C020  1661 0001:0008C02C
  1662 0001:0008C036  1663 0001:0008C041  1666 0001:0008C048  1669 0001:0008C04F
  1670 0001:0008C06E  1671 0001:0008C08D  1673 0001:0008C0C4  1673 0001:0008C0CB

Line numbers for DebugUtils(..\..\Source\MifareDrv\Units\DebugUtils.pas) segment .text

    14 0001:0008C0CC    16 0001:0008C0D3    18 0001:0008C0E1    20 0001:0008C114
    20 0001:0008C11B

Line numbers for duDfmFile(Units\duDfmFile.pas) segment .text

    26 0001:0008C250    27 0001:0008C259    28 0001:0008C267    39 0001:0008C26C
    40 0001:0008C2D6    42 0001:0008C2E1    43 0001:0008C30D    45 0001:0008C317
    46 0001:0008C34C    47 0001:0008C384    43 0001:0008C392    49 0001:0008C39C
    51 0001:0008C3A7    52 0001:0008C3D3    54 0001:0008C3DD    56 0001:0008C3EC
    57 0001:0008C3FF    59 0001:0008C41D    60 0001:0008C44D    61 0001:0008C455
    64 0001:0008C463    52 0001:0008C471    66 0001:0008C47B    67 0001:0008C4C9
    73 0001:0008C504    74 0001:0008C523    75 0001:0008C537    76 0001:0008C545
    77 0001:0008C552    78 0001:0008C569    80 0001:0008C587    82 0001:0008C5B7
    89 0001:0008C5C8    90 0001:0008C5E8    91 0001:0008C5F7    92 0001:0008C605
    93 0001:0008C613    94 0001:0008C62A    96 0001:0008C642    97 0001:0008C650
    98 0001:0008C668    94 0001:0008C66B   100 0001:0008C67D   102 0001:0008C6AA
   108 0001:0008C6B0   109 0001:0008C6CF   110 0001:0008C6DC   111 0001:0008C6F8
   112 0001:0008C703   113 0001:0008C71E   114 0001:0008C74E   116 0001:0008C7AC
   117 0001:0008C7C8   119 0001:0008C7FC

Line numbers for MifareTstTest(D:\projects\MifareDrv_80\Tests\MifareTstTest\MifareTstTest.dpr) segment .text

    12 0001:0008CA30    13 0001:0008CA53    14 0001:0008CA85

Bound resource files

c:\program files (x86)\borland\delphi7\Lib\Buttons.res
c:\program files (x86)\borland\delphi7\Lib\ExtDlgs.res
c:\program files (x86)\borland\delphi7\Lib\Controls.res
c:\program files (x86)\borland\delphi7\Comp\DUnit\src\GUITestRunner.dfm
MifareTstTest.RES
MifareTstTest.drf


Program entry point at 0001:0008CA30
